#
# There is insufficient memory for the Java Runtime Environment to continue.
# Native memory allocation (malloc) failed to allocate 234736 bytes. Error detail: Chunk::new
# Possible reasons:
#   The system is out of physical RAM or swap space
#   This process is running with CompressedOops enabled, and the Java Heap may be blocking the growth of the native heap
# Possible solutions:
#   Reduce memory load on the system
#   Increase physical memory or swap space
#   Check if swap backing store is full
#   Decrease Java heap size (-Xmx/-Xms)
#   Decrease number of Java threads
#   Decrease Java thread stack sizes (-Xss)
#   Set larger code cache with -XX:ReservedCodeCacheSize=
#   JVM is running with Unscaled Compressed Oops mode in which the Java heap is
#     placed in the first 4GB address space. The Java Heap base address is the
#     maximum limit for the native heap growth. Please use -XX:HeapBaseMinAddress
#     to set the Java Heap base and to place the Java Heap above 4GB virtual address.
# This output file may be truncated or incomplete.
#
#  Out of Memory Error (arena.cpp:168), pid=21156, tid=7824
#
# JRE version: OpenJDK Runtime Environment Temurin-21.0.11+10 (21.0.11+10) (build 21.0.11+10-LTS)
# Java VM: OpenJDK 64-Bit Server VM Temurin-21.0.11+10 (21.0.11+10-LTS, mixed mode, sharing, tiered, compressed oops, compressed class ptrs, parallel gc, windows-amd64)
# No core dump will be written. Minidumps are not enabled by default on client versions of Windows
#

---------------  S U M M A R Y ------------

Command Line: --add-modules=ALL-SYSTEM --add-opens=java.base/java.util=ALL-UNNAMED --add-opens=java.base/java.lang=ALL-UNNAMED --add-opens=java.base/sun.nio.fs=ALL-UNNAMED -Declipse.application=org.eclipse.jdt.ls.core.id1 -Dosgi.bundles.defaultStartLevel=4 -Declipse.product=org.eclipse.jdt.ls.core.product -Djava.import.generatesMetadataFilesAtProjectRoot=false -DDetectVMInstallationsJob.disabled=true -Dfile.encoding=utf8 -XX:+UseParallelGC -XX:GCTimeRatio=4 -XX:AdaptiveSizePolicyWeight=90 -Dsun.zip.disableMemoryMapping=true -Xmx2G -Xms100m -Xlog:disable -javaagent:c:\Users\doant\.antigravity-ide\extensions\redhat.java-1.55.0-win32-x64\lombok\lombok-1.18.39-4050.jar -XX:+HeapDumpOnOutOfMemoryError -XX:HeapDumpPath=c:\Users\doant\AppData\Roaming\Antigravity IDE\User\workspaceStorage\42d5d191b228df981545ec47d1c3df4d\redhat.java -Daether.dependencyCollector.impl=bf c:\Users\doant\.antigravity-ide\extensions\redhat.java-1.55.0-win32-x64\server\plugins\org.eclipse.equinox.launcher_1.7.200.v20260619-2039.jar -configuration c:\Users\doant\AppData\Roaming\Antigravity IDE\User\globalStorage\redhat.java\1.55.0\config_win -data c:\Users\doant\AppData\Roaming\Antigravity IDE\User\workspaceStorage\42d5d191b228df981545ec47d1c3df4d\redhat.java\jdt_ws --pipe=\\.\pipe\lsp-65b890b429ee21625e92fa5898b0c3ce-sock

Host: 11th Gen Intel(R) Core(TM) i5-1135G7 @ 2.40GHz, 8 cores, 15G,  Windows 11 , 64 bit Build 22621 (10.0.22621.5415)
Time: Thu Jul 16 13:36:56 2026 SE Asia Standard Time elapsed time: 0.738681 seconds (0d 0h 0m 0s)

---------------  T H R E A D  ---------------

Current thread (0x000001fd6021b4b0):  JavaThread "C2 CompilerThread1" daemon [_thread_in_native, id=7824, stack(0x00000081ba500000,0x00000081ba600000) (1024K)]


Current CompileTask:
C2:738  975   !   4       java.lang.String::<init> (880 bytes)

Stack: [0x00000081ba500000,0x00000081ba600000]
Native frames: (J=compiled Java code, j=interpreted, Vv=VM code, C=native code)
V  [jvm.dll+0x6d7e19]
V  [jvm.dll+0x8b5096]
V  [jvm.dll+0x8b764e]
V  [jvm.dll+0x8b7d33]
V  [jvm.dll+0x284596]
V  [jvm.dll+0xc685d]
V  [jvm.dll+0xc6da1]
V  [jvm.dll+0x3bed31]
V  [jvm.dll+0x38b2b2]
V  [jvm.dll+0x38a6fa]
V  [jvm.dll+0x24c700]
V  [jvm.dll+0x24bce0]
V  [jvm.dll+0x1cb4ae]
V  [jvm.dll+0x25baad]
V  [jvm.dll+0x25a03a]
V  [jvm.dll+0x3f868e]
V  [jvm.dll+0x85fb0d]
V  [jvm.dll+0x6d664d]
C  [ucrtbase.dll+0x29333]
C  [KERNEL32.DLL+0x1259d]
C  [ntdll.dll+0x5af78]


---------------  P R O C E S S  ---------------

Threads class SMR info:
_java_thread_list=0x000001fd6038a260, length=13, elements={
0x000001fd4391f120, 0x000001fd439dae00, 0x000001fd439dc710, 0x000001fd5a394700,
0x000001fd5a3957d0, 0x000001fd5a396fb0, 0x000001fd5a39b7b0, 0x000001fd5a3a3570,
0x000001fd5a3ad6c0, 0x000001fd5a39be40, 0x000001fd6021b4b0, 0x000001fd5a39d1f0,
0x000001fd6032fc20
}

Java Threads: ( => current thread )
  0x000001fd4391f120 JavaThread "main"                              [_thread_in_Java, id=20624, stack(0x00000081b9800000,0x00000081b9900000) (1024K)]
  0x000001fd439dae00 JavaThread "Reference Handler"          daemon [_thread_blocked, id=16872, stack(0x00000081b9c00000,0x00000081b9d00000) (1024K)]
  0x000001fd439dc710 JavaThread "Finalizer"                  daemon [_thread_blocked, id=14112, stack(0x00000081b9d00000,0x00000081b9e00000) (1024K)]
  0x000001fd5a394700 JavaThread "Signal Dispatcher"          daemon [_thread_blocked, id=6496, stack(0x00000081b9e00000,0x00000081b9f00000) (1024K)]
  0x000001fd5a3957d0 JavaThread "Attach Listener"            daemon [_thread_blocked, id=13568, stack(0x00000081b9f00000,0x00000081ba000000) (1024K)]
  0x000001fd5a396fb0 JavaThread "Service Thread"             daemon [_thread_blocked, id=3596, stack(0x00000081ba000000,0x00000081ba100000) (1024K)]
  0x000001fd5a39b7b0 JavaThread "Monitor Deflation Thread"   daemon [_thread_blocked, id=8304, stack(0x00000081ba100000,0x00000081ba200000) (1024K)]
  0x000001fd5a3a3570 JavaThread "C2 CompilerThread0"         daemon [_thread_blocked, id=18300, stack(0x00000081ba200000,0x00000081ba300000) (1024K)]
  0x000001fd5a3ad6c0 JavaThread "C1 CompilerThread0"         daemon [_thread_blocked, id=2572, stack(0x00000081ba300000,0x00000081ba400000) (1024K)]
  0x000001fd5a39be40 JavaThread "Common-Cleaner"             daemon [_thread_blocked, id=11476, stack(0x00000081ba400000,0x00000081ba500000) (1024K)]
=>0x000001fd6021b4b0 JavaThread "C2 CompilerThread1"         daemon [_thread_in_native, id=7824, stack(0x00000081ba500000,0x00000081ba600000) (1024K)]
  0x000001fd5a39d1f0 JavaThread "Notification Thread"        daemon [_thread_blocked, id=17952, stack(0x00000081ba600000,0x00000081ba700000) (1024K)]
  0x000001fd6032fc20 JavaThread "C2 CompilerThread2"         daemon [_thread_blocked, id=2144, stack(0x00000081ba700000,0x00000081ba800000) (1024K)]
Total: 13

Other Threads:
  0x000001fd5a392da0 VMThread "VM Thread"                           [id=9132, stack(0x00000081b9b00000,0x00000081b9c00000) (1024K)]
  0x000001fd4398dbe0 WatcherThread "VM Periodic Task Thread"        [id=2708, stack(0x00000081b9a00000,0x00000081b9b00000) (1024K)]
  0x000001fd4393e840 WorkerThread "GC Thread#0"                     [id=20840, stack(0x00000081b9900000,0x00000081b9a00000) (1024K)]
Total: 3

Threads with active compile tasks:
C2 CompilerThread1  750  975   !   4       java.lang.String::<init> (880 bytes)
Total: 1

VM state: not at safepoint (normal execution)

VM Mutex/Monitor currently owned by a thread: None

Heap address: 0x0000000080000000, size: 2048 MB, Compressed Oops mode: 32-bit

CDS archive(s) mapped at: [0x000001fd00000000-0x000001fd00ba0000-0x000001fd00ba0000), size 12189696, SharedBaseAddress: 0x000001fd00000000, ArchiveRelocationMode: 1.
Compressed class space mapped at: 0x000001fd01000000-0x000001fd41000000, reserved size: 1073741824
Narrow klass base: 0x000001fd00000000, Narrow klass shift: 0, Narrow klass range: 0x100000000

GC Precious Log:
 CardTable entry size: 512
 CPUs: 8 total, 8 available
 Memory: 16078M
 Large Page Support: Disabled
 NUMA Support: Disabled
 Compressed Oops: Enabled (32-bit)
 Alignments: Space 512K, Generation 512K, Heap 2M
 Heap Min Capacity: 100M
 Heap Initial Capacity: 100M
 Heap Max Capacity: 2G
 Pre-touch: Disabled
 Parallel Workers: 8

Heap:
 PSYoungGen      total 29696K, used 20741K [0x00000000d5580000, 0x00000000d7680000, 0x0000000100000000)
  eden space 25600K, 81% used [0x00000000d5580000,0x00000000d69c1400,0x00000000d6e80000)
  from space 4096K, 0% used [0x00000000d7280000,0x00000000d7280000,0x00000000d7680000)
  to   space 4096K, 0% used [0x00000000d6e80000,0x00000000d6e80000,0x00000000d7280000)
 ParOldGen       total 68608K, used 0K [0x0000000080000000, 0x0000000084300000, 0x00000000d5580000)
  object space 68608K, 0% used [0x0000000080000000,0x0000000080000000,0x0000000084300000)
 Metaspace       used 3605K, committed 3840K, reserved 1114112K
  class space    used 394K, committed 512K, reserved 1048576K

Card table byte_map: [0x000001fd432c0000,0x000001fd436d0000] _byte_map_base: 0x000001fd42ec0000

Marking Bits: (ParMarkBitMap*) 0x00007ffecabc4460
 Begin Bits: [0x000001fd55dd0000, 0x000001fd57dd0000)
 End Bits:   [0x000001fd57dd0000, 0x000001fd59dd0000)

Polling page: 0x000001fd417b0000

Metaspace:

Usage:
  Non-class:      3.14 MB used.
      Class:    394.60 KB used.
       Both:      3.52 MB used.

Virtual space:
  Non-class space:       64.00 MB reserved,       3.25 MB (  5%) committed,  1 nodes.
      Class space:        1.00 GB reserved,     512.00 KB ( <1%) committed,  1 nodes.
             Both:        1.06 GB reserved,       3.75 MB ( <1%) committed. 

Chunk freelists:
   Non-Class:  11.45 MB
       Class:  15.47 MB
        Both:  26.93 MB

MaxMetaspaceSize: unlimited
CompressedClassSpaceSize: 1.00 GB
Initial GC threshold: 21.00 MB
Current GC threshold: 21.00 MB
CDS: on
 - commit_granule_bytes: 65536.
 - commit_granule_words: 8192.
 - virtual_space_node_default_size: 8388608.
 - enlarge_chunks_in_place: 1.
 - use_allocation_guard: 0.


Internal statistics:

num_allocs_failed_limit: 0.
num_arena_births: 170.
num_arena_deaths: 0.
num_vsnodes_births: 2.
num_vsnodes_deaths: 0.
num_space_committed: 60.
num_space_uncommitted: 0.
num_chunks_returned_to_freelist: 0.
num_chunks_taken_from_freelist: 215.
num_chunk_merges: 0.
num_chunk_splits: 140.
num_chunks_enlarged: 77.
num_inconsistent_stats: 0.

CodeHeap 'non-profiled nmethods': size=120000Kb used=402Kb max_used=402Kb free=119597Kb
 bounds [0x000001fd4e5f0000, 0x000001fd4e860000, 0x000001fd55b20000]
CodeHeap 'profiled nmethods': size=120000Kb used=1580Kb max_used=1580Kb free=118419Kb
 bounds [0x000001fd46b20000, 0x000001fd46d90000, 0x000001fd4e050000]
CodeHeap 'non-nmethods': size=5760Kb used=1201Kb max_used=1227Kb free=4558Kb
 bounds [0x000001fd4e050000, 0x000001fd4e2c0000, 0x000001fd4e5f0000]
CodeCache: size=245760Kb, used=3183Kb, max_used=3209Kb, free=242574Kb
 total_blobs=1442, nmethods=991, adapters=358, full_count=0
Compilation: enabled, stopped_count=0, restarted_count=0

Compilation events (20 events):
Event: 0.730 Thread 0x000001fd5a3ad6c0 nmethod 977 0x000001fd4e650390 code [0x000001fd4e650520, 0x000001fd4e6506a8]
Event: 0.730 Thread 0x000001fd5a3ad6c0  979       3       java.util.Arrays::equals (43 bytes)
Event: 0.730 Thread 0x000001fd5a3ad6c0 nmethod 979 0x000001fd46c9e910 code [0x000001fd46c9eae0, 0x000001fd46c9eda8]
Event: 0.730 Thread 0x000001fd5a3ad6c0  980  s    3       java.util.Hashtable::get (69 bytes)
Event: 0.730 Thread 0x000001fd5a3ad6c0 nmethod 980 0x000001fd46c9ee90 code [0x000001fd46c9f080, 0x000001fd46c9f5d0]
Event: 0.731 Thread 0x000001fd5a3ad6c0  978       1       sun.security.util.DerOutputStream::buf (5 bytes)
Event: 0.731 Thread 0x000001fd5a3ad6c0 nmethod 978 0x000001fd4e650710 code [0x000001fd4e6508a0, 0x000001fd4e650968]
Event: 0.731 Thread 0x000001fd5a3ad6c0  981       3       java.math.MutableBigInteger::unsignedLongCompare (20 bytes)
Event: 0.731 Thread 0x000001fd5a3ad6c0 nmethod 981 0x000001fd46c9f790 code [0x000001fd46c9f920, 0x000001fd46c9fa90]
Event: 0.731 Thread 0x000001fd5a3ad6c0  982       3       java.math.BigInteger::trustedStripLeadingZeroInts (37 bytes)
Event: 0.732 Thread 0x000001fd5a3ad6c0 nmethod 982 0x000001fd46c9fb10 code [0x000001fd46c9fde0, 0x000001fd46ca0b10]
Event: 0.733 Thread 0x000001fd6032fc20  983       4       java.math.BigInteger::addOne (77 bytes)
Event: 0.734 Thread 0x000001fd6032fc20 nmethod 983 0x000001fd4e650a10 code [0x000001fd4e650ba0, 0x000001fd4e650d10]
Event: 0.734 Thread 0x000001fd5a3ad6c0  984 %     3       java.math.BigInteger::implMultiplyToLen @ 135 (216 bytes)
Event: 0.735 Thread 0x000001fd5a3ad6c0 nmethod 984% 0x000001fd46ca0f90 code [0x000001fd46ca11a0, 0x000001fd46ca1888]
Event: 0.735 Thread 0x000001fd5a3ad6c0  985       3       java.math.BigInteger::implMultiplyToLen (216 bytes)
Event: 0.736 Thread 0x000001fd5a3ad6c0 nmethod 985 0x000001fd46ca1d10 code [0x000001fd46ca1f00, 0x000001fd46ca24a8]
Event: 0.736 Thread 0x000001fd5a3ad6c0  987       3       java.lang.String::valueOf (15 bytes)
Event: 0.736 Thread 0x000001fd5a3ad6c0 nmethod 987 0x000001fd46ca2890 code [0x000001fd46ca2a40, 0x000001fd46ca2c48]
Event: 0.737 Thread 0x000001fd5a3a3570 nmethod 974 0x000001fd4e651290 code [0x000001fd4e6515c0, 0x000001fd4e653370]

GC Heap History (0 events):
No events

Dll operation events (8 events):
Event: 0.008 Loaded shared library c:\Users\doant\.antigravity-ide\extensions\redhat.java-1.55.0-win32-x64\jre\21.0.11-win32-x86_64\bin\java.dll
Event: 0.036 Loaded shared library c:\Users\doant\.antigravity-ide\extensions\redhat.java-1.55.0-win32-x64\jre\21.0.11-win32-x86_64\bin\zip.dll
Event: 0.112 Loaded shared library C:\Users\doant\.antigravity-ide\extensions\redhat.java-1.55.0-win32-x64\jre\21.0.11-win32-x86_64\bin\instrument.dll
Event: 0.119 Loaded shared library C:\Users\doant\.antigravity-ide\extensions\redhat.java-1.55.0-win32-x64\jre\21.0.11-win32-x86_64\bin\net.dll
Event: 0.121 Loaded shared library C:\Users\doant\.antigravity-ide\extensions\redhat.java-1.55.0-win32-x64\jre\21.0.11-win32-x86_64\bin\nio.dll
Event: 0.124 Loaded shared library C:\Users\doant\.antigravity-ide\extensions\redhat.java-1.55.0-win32-x64\jre\21.0.11-win32-x86_64\bin\zip.dll
Event: 0.148 Loaded shared library C:\Users\doant\.antigravity-ide\extensions\redhat.java-1.55.0-win32-x64\jre\21.0.11-win32-x86_64\bin\jimage.dll
Event: 0.235 Loaded shared library c:\Users\doant\.antigravity-ide\extensions\redhat.java-1.55.0-win32-x64\jre\21.0.11-win32-x86_64\bin\verify.dll

Deoptimization events (20 events):
Event: 0.503 Thread 0x000001fd4391f120 DEOPT PACKING pc=0x000001fd46c21a04 sp=0x00000081b98fdce0
Event: 0.503 Thread 0x000001fd4391f120 DEOPT UNPACKING pc=0x000001fd4e0a78e2 sp=0x00000081b98fd138 mode 0
Event: 0.504 Thread 0x000001fd4391f120 DEOPT PACKING pc=0x000001fd46c21a04 sp=0x00000081b98fdce0
Event: 0.504 Thread 0x000001fd4391f120 DEOPT UNPACKING pc=0x000001fd4e0a78e2 sp=0x00000081b98fd138 mode 0
Event: 0.578 Thread 0x000001fd4391f120 Uncommon trap: trap_request=0xffffff45 fr.pc=0x000001fd4e63582c relative=0x000000000000008c
Event: 0.578 Thread 0x000001fd4391f120 Uncommon trap: reason=unstable_if action=reinterpret pc=0x000001fd4e63582c method=jdk.internal.misc.Unsafe.convEndian(ZI)I @ 4 c2
Event: 0.578 Thread 0x000001fd4391f120 DEOPT PACKING pc=0x000001fd4e63582c sp=0x00000081b98fdeb0
Event: 0.578 Thread 0x000001fd4391f120 DEOPT UNPACKING pc=0x000001fd4e0a6da2 sp=0x00000081b98fdde0 mode 2
Event: 0.580 Thread 0x000001fd4391f120 Uncommon trap: trap_request=0xffffff45 fr.pc=0x000001fd4e61fc3c relative=0x000000000000065c
Event: 0.580 Thread 0x000001fd4391f120 Uncommon trap: reason=unstable_if action=reinterpret pc=0x000001fd4e61fc3c method=java.lang.AbstractStringBuilder.append(Ljava/lang/String;)Ljava/lang/AbstractStringBuilder; @ 1 c2
Event: 0.580 Thread 0x000001fd4391f120 DEOPT PACKING pc=0x000001fd4e61fc3c sp=0x00000081b98fe210
Event: 0.580 Thread 0x000001fd4391f120 DEOPT UNPACKING pc=0x000001fd4e0a6da2 sp=0x00000081b98fe1a0 mode 2
Event: 0.595 Thread 0x000001fd4391f120 DEOPT PACKING pc=0x000001fd46c30bfb sp=0x00000081b98fd6f0
Event: 0.595 Thread 0x000001fd4391f120 DEOPT UNPACKING pc=0x000001fd4e0a78e2 sp=0x00000081b98fcb68 mode 0
Event: 0.633 Thread 0x000001fd4391f120 DEOPT PACKING pc=0x000001fd46b695af sp=0x00000081b98ff180
Event: 0.633 Thread 0x000001fd4391f120 DEOPT UNPACKING pc=0x000001fd4e0a78e2 sp=0x00000081b98fe618 mode 0
Event: 0.730 Thread 0x000001fd4391f120 Uncommon trap: trap_request=0xffffffc6 fr.pc=0x000001fd4e64fb44 relative=0x00000000000002e4
Event: 0.730 Thread 0x000001fd4391f120 Uncommon trap: reason=bimorphic_or_optimized_type_check action=maybe_recompile pc=0x000001fd4e64fb44 method=java.util.HashMap.getNode(Ljava/lang/Object;)Ljava/util/HashMap$Node; @ 128 c2
Event: 0.730 Thread 0x000001fd4391f120 DEOPT PACKING pc=0x000001fd4e64fb44 sp=0x00000081b98fe5b0
Event: 0.730 Thread 0x000001fd4391f120 DEOPT UNPACKING pc=0x000001fd4e0a6da2 sp=0x00000081b98fe528 mode 2

Classes loaded (20 events):
Event: 0.668 Loading class sun/nio/fs/WindowsLinkSupport
Event: 0.668 Loading class sun/nio/fs/WindowsLinkSupport done
Event: 0.668 Loading class sun/nio/fs/WindowsAclFileAttributeView
Event: 0.669 Loading class sun/nio/fs/AbstractAclFileAttributeView
Event: 0.669 Loading class java/nio/file/attribute/AclFileAttributeView
Event: 0.669 Loading class java/nio/file/attribute/FileOwnerAttributeView
Event: 0.669 Loading class java/nio/file/attribute/FileOwnerAttributeView done
Event: 0.669 Loading class java/nio/file/attribute/AclFileAttributeView done
Event: 0.669 Loading class sun/nio/fs/AbstractAclFileAttributeView done
Event: 0.669 Loading class sun/nio/fs/WindowsAclFileAttributeView done
Event: 0.669 Loading class sun/nio/fs/WindowsSecurity
Event: 0.669 Loading class sun/nio/fs/WindowsSecurity done
Event: 0.670 Loading class sun/nio/fs/WindowsFileStore
Event: 0.670 Loading class java/nio/file/FileStore
Event: 0.670 Loading class java/nio/file/FileStore done
Event: 0.670 Loading class sun/nio/fs/WindowsFileStore done
Event: 0.672 Loading class java/net/URLClassLoader$1
Event: 0.672 Loading class java/net/URLClassLoader$1 done
Event: 0.693 Loading class sun/security/util/MemoryCache$QueueCacheEntry
Event: 0.693 Loading class sun/security/util/MemoryCache$QueueCacheEntry done

Classes unloaded (0 events):
No events

Classes redefined (0 events):
No events

Internal exceptions (20 events):
Event: 0.196 Thread 0x000001fd4391f120 Exception <a 'java/lang/NoSuchMethodError'{0x00000000d59ec4c8}: 'void java.lang.invoke.DelegatingMethodHandle$Holder.reinvoke_L(java.lang.Object, java.lang.Object, java.lang.Object, int, java.lang.Object)'> (0x00000000d59ec4c8) 
thrown [s\src\hotspot\share\interpreter\linkResolver.cpp, line 773]
Event: 0.198 Thread 0x000001fd4391f120 Exception <a 'java/lang/NoSuchMethodError'{0x00000000d59fce18}: 'int java.lang.invoke.DirectMethodHandle$Holder.invokeSpecial(java.lang.Object, java.lang.Object, java.lang.Object)'> (0x00000000d59fce18) 
thrown [s\src\hotspot\share\interpreter\linkResolver.cpp, line 773]
Event: 0.200 Thread 0x000001fd4391f120 Exception <a 'java/lang/NoSuchMethodError'{0x00000000d5a08ad8}: 'java.lang.Object java.lang.invoke.DirectMethodHandle$Holder.invokeStatic(java.lang.Object, java.lang.Object, int)'> (0x00000000d5a08ad8) 
thrown [s\src\hotspot\share\interpreter\linkResolver.cpp, line 773]
Event: 0.201 Thread 0x000001fd4391f120 Exception <a 'java/lang/NoSuchMethodError'{0x00000000d5a0d428}: 'void java.lang.invoke.DirectMethodHandle$Holder.invokeStatic(java.lang.Object, java.lang.Object, int, java.lang.Object)'> (0x00000000d5a0d428) 
thrown [s\src\hotspot\share\interpreter\linkResolver.cpp, line 773]
Event: 0.201 Thread 0x000001fd4391f120 Exception <a 'java/lang/NoSuchMethodError'{0x00000000d5a10fb8}: 'void java.lang.invoke.DirectMethodHandle$Holder.invokeSpecial(java.lang.Object, java.lang.Object, java.lang.Object, int, java.lang.Object)'> (0x00000000d5a10fb8) 
thrown [s\src\hotspot\share\interpreter\linkResolver.cpp, line 773]
Event: 0.202 Thread 0x000001fd4391f120 Exception <a 'java/lang/NoSuchMethodError'{0x00000000d5a14690}: 'void java.lang.invoke.DelegatingMethodHandle$Holder.delegate(java.lang.Object, java.lang.Object, int, java.lang.Object)'> (0x00000000d5a14690) 
thrown [s\src\hotspot\share\interpreter\linkResolver.cpp, line 773]
Event: 0.270 Thread 0x000001fd4391f120 Exception <a 'java/lang/NoSuchMethodError'{0x00000000d5bd5458}: 'void java.lang.invoke.DelegatingMethodHandle$Holder.reinvoke_L(java.lang.Object, java.lang.Object, java.lang.Object, int)'> (0x00000000d5bd5458) 
thrown [s\src\hotspot\share\interpreter\linkResolver.cpp, line 773]
Event: 0.417 Thread 0x000001fd4391f120 Exception <a 'java/lang/NoSuchMethodError'{0x00000000d605def8}: 'void java.lang.invoke.DirectMethodHandle$Holder.invokeVirtual(java.lang.Object, java.lang.Object)'> (0x00000000d605def8) 
thrown [s\src\hotspot\share\interpreter\linkResolver.cpp, line 773]
Event: 0.537 Thread 0x000001fd4391f120 Exception <a 'java/lang/NoSuchMethodError'{0x00000000d64474f8}: 'void java.lang.invoke.DirectMethodHandle$Holder.invokeStatic(java.lang.Object, java.lang.Object)'> (0x00000000d64474f8) 
thrown [s\src\hotspot\share\interpreter\linkResolver.cpp, line 773]
Event: 0.544 Thread 0x000001fd4391f120 Exception <a 'java/lang/ClassNotFoundException'{0x00000000d646f600}: sun/net/www/protocol/c/Handler> (0x00000000d646f600) 
thrown [s\src\hotspot\share\classfile\systemDictionary.cpp, line 313]
Event: 0.576 Thread 0x000001fd4391f120 Exception <a 'java/io/FileNotFoundException'{0x00000000d64ce200}> (0x00000000d64ce200) 
thrown [s\src\hotspot\share\prims\jni.cpp, line 520]
Event: 0.576 Thread 0x000001fd4391f120 Exception <a 'java/io/FileNotFoundException'{0x00000000d64cf578}> (0x00000000d64cf578) 
thrown [s\src\hotspot\share\prims\jni.cpp, line 520]
Event: 0.577 Thread 0x000001fd4391f120 Exception <a 'java/io/FileNotFoundException'{0x00000000d64d0240}> (0x00000000d64d0240) 
thrown [s\src\hotspot\share\prims\jni.cpp, line 520]
Event: 0.577 Thread 0x000001fd4391f120 Exception <a 'java/io/FileNotFoundException'{0x00000000d64d0dc0}> (0x00000000d64d0dc0) 
thrown [s\src\hotspot\share\prims\jni.cpp, line 520]
Event: 0.580 Thread 0x000001fd4391f120 Implicit null exception at 0x000001fd4e61f624 to 0x000001fd4e61fc24
Event: 0.583 Thread 0x000001fd4391f120 Exception <a 'java/io/FileNotFoundException'{0x00000000d650afa0}> (0x00000000d650afa0) 
thrown [s\src\hotspot\share\prims\jni.cpp, line 520]
Event: 0.594 Thread 0x000001fd4391f120 Exception <a 'java/lang/NoSuchMethodError'{0x00000000d6547038}: 'java.lang.Object java.lang.invoke.DirectMethodHandle$Holder.invokeInterface(java.lang.Object, java.lang.Object)'> (0x00000000d6547038) 
thrown [s\src\hotspot\share\interpreter\linkResolver.cpp, line 773]
Event: 0.598 Thread 0x000001fd4391f120 Exception <a 'java/lang/NoSuchMethodError'{0x00000000d655ab98}: 'java.lang.Object java.lang.invoke.Invokers$Holder.invokeExact_MT(java.lang.Object, java.lang.Object, java.lang.Object, java.lang.Object, java.lang.Object, java.lang.Object)'> (0x00000000d655ab98) 
thrown [s\src\hotspot\share\interpreter\linkResolver.cpp, line 773]
Event: 0.601 Thread 0x000001fd4391f120 Exception <a 'java/lang/NoSuchMethodError'{0x00000000d6571c70}: 'int java.lang.invoke.DirectMethodHandle$Holder.invokeStatic(java.lang.Object, java.lang.Object, java.lang.Object, java.lang.Object, java.lang.Object)'> (0x00000000d6571c70) 
thrown [s\src\hotspot\share\interpreter\linkResolver.cpp, line 773]
Event: 0.648 Thread 0x000001fd4391f120 Exception <a 'java/lang/NoSuchMethodError'{0x00000000d6607938}: 'java.lang.Object java.lang.invoke.DirectMethodHandle$Holder.invokeInterface(java.lang.Object, java.lang.Object, int)'> (0x00000000d6607938) 
thrown [s\src\hotspot\share\interpreter\linkResolver.cpp, line 773]

ZGC Phase Switch (0 events):
No events

VM Operations (8 events):
Event: 0.067 Executing non-safepoint VM operation: HandshakeAllThreads (Deoptimize)
Event: 0.067 Executing non-safepoint VM operation: HandshakeAllThreads (Deoptimize) done
Event: 0.162 Executing non-safepoint VM operation: HandshakeAllThreads (Deoptimize)
Event: 0.162 Executing non-safepoint VM operation: HandshakeAllThreads (Deoptimize) done
Event: 0.512 Executing non-safepoint VM operation: HandshakeAllThreads (Deoptimize)
Event: 0.512 Executing non-safepoint VM operation: HandshakeAllThreads (Deoptimize) done
Event: 0.530 Executing non-safepoint VM operation: HandshakeAllThreads (Deoptimize)
Event: 0.530 Executing non-safepoint VM operation: HandshakeAllThreads (Deoptimize) done

Memory protections (0 events):
No events

Nmethod flushes (0 events):
No events

Events (13 events):
Event: 0.023 Thread 0x000001fd4391f120 Thread added: 0x000001fd4391f120
Event: 0.039 Thread 0x000001fd4391f120 Thread added: 0x000001fd439dae00
Event: 0.039 Thread 0x000001fd4391f120 Thread added: 0x000001fd439dc710
Event: 0.039 Thread 0x000001fd4391f120 Thread added: 0x000001fd5a394700
Event: 0.039 Thread 0x000001fd4391f120 Thread added: 0x000001fd5a3957d0
Event: 0.039 Thread 0x000001fd4391f120 Thread added: 0x000001fd5a396fb0
Event: 0.039 Thread 0x000001fd4391f120 Thread added: 0x000001fd5a39b7b0
Event: 0.039 Thread 0x000001fd4391f120 Thread added: 0x000001fd5a3a3570
Event: 0.039 Thread 0x000001fd4391f120 Thread added: 0x000001fd5a3ad6c0
Event: 0.114 Thread 0x000001fd4391f120 Thread added: 0x000001fd5a39be40
Event: 0.227 Thread 0x000001fd5a3ad6c0 Thread added: 0x000001fd6021b4b0
Event: 0.346 Thread 0x000001fd4391f120 Thread added: 0x000001fd5a39d1f0
Event: 0.494 Thread 0x000001fd5a3ad6c0 Thread added: 0x000001fd6032fc20


Dynamic libraries:
0x00007ff61e3f0000 - 0x00007ff61e3fe000 	c:\Users\doant\.antigravity-ide\extensions\redhat.java-1.55.0-win32-x64\jre\21.0.11-win32-x86_64\bin\java.exe
0x00007fff55c30000 - 0x00007fff55e48000 	C:\WINDOWS\SYSTEM32\ntdll.dll
0x00007fff54330000 - 0x00007fff543f4000 	C:\WINDOWS\System32\KERNEL32.DLL
0x00007fff52d70000 - 0x00007fff53143000 	C:\WINDOWS\System32\KERNELBASE.dll
0x00007fff535c0000 - 0x00007fff536d1000 	C:\WINDOWS\System32\ucrtbase.dll
0x00007fff39210000 - 0x00007fff39228000 	c:\Users\doant\.antigravity-ide\extensions\redhat.java-1.55.0-win32-x64\jre\21.0.11-win32-x86_64\bin\jli.dll
0x00007fff4a760000 - 0x00007fff4a77e000 	c:\Users\doant\.antigravity-ide\extensions\redhat.java-1.55.0-win32-x64\jre\21.0.11-win32-x86_64\bin\VCRUNTIME140.dll
0x00007fff55410000 - 0x00007fff555c2000 	C:\WINDOWS\System32\USER32.dll
0x00007fff52d40000 - 0x00007fff52d66000 	C:\WINDOWS\System32\win32u.dll
0x00007fff3a6e0000 - 0x00007fff3a97c000 	C:\WINDOWS\WinSxS\amd64_microsoft.windows.common-controls_6595b64144ccf1df_6.0.22621.6060_none_2712eda17382d24b\COMCTL32.dll
0x00007fff538e0000 - 0x00007fff53909000 	C:\WINDOWS\System32\GDI32.dll
0x00007fff54880000 - 0x00007fff54927000 	C:\WINDOWS\System32\msvcrt.dll
0x00007fff53180000 - 0x00007fff5329b000 	C:\WINDOWS\System32\gdi32full.dll
0x00007fff53520000 - 0x00007fff535ba000 	C:\WINDOWS\System32\msvcp_win.dll
0x00007fff549f0000 - 0x00007fff54a21000 	C:\WINDOWS\System32\IMM32.DLL
0x00007fff4a750000 - 0x00007fff4a75c000 	c:\Users\doant\.antigravity-ide\extensions\redhat.java-1.55.0-win32-x64\jre\21.0.11-win32-x86_64\bin\vcruntime140_1.dll
0x00007fff34860000 - 0x00007fff348ed000 	c:\Users\doant\.antigravity-ide\extensions\redhat.java-1.55.0-win32-x64\jre\21.0.11-win32-x86_64\bin\msvcp140.dll
0x00007ffec9f00000 - 0x00007ffecaca2000 	c:\Users\doant\.antigravity-ide\extensions\redhat.java-1.55.0-win32-x64\jre\21.0.11-win32-x86_64\bin\server\jvm.dll
0x00007fff53d30000 - 0x00007fff53de1000 	C:\WINDOWS\System32\ADVAPI32.dll
0x00007fff54940000 - 0x00007fff549e8000 	C:\WINDOWS\System32\sechost.dll
0x00007fff53150000 - 0x00007fff53178000 	C:\WINDOWS\System32\bcrypt.dll
0x00007fff557a0000 - 0x00007fff558b8000 	C:\WINDOWS\System32\RPCRT4.dll
0x00007fff53910000 - 0x00007fff53981000 	C:\WINDOWS\System32\WS2_32.dll
0x00007fff51b90000 - 0x00007fff51bdd000 	C:\WINDOWS\SYSTEM32\POWRPROF.dll
0x00007fff48000000 - 0x00007fff4800a000 	C:\WINDOWS\SYSTEM32\VERSION.dll
0x00007fff4a650000 - 0x00007fff4a684000 	C:\WINDOWS\SYSTEM32\WINMM.dll
0x00007fff51b70000 - 0x00007fff51b83000 	C:\WINDOWS\SYSTEM32\UMPDC.dll
0x00007fff51e10000 - 0x00007fff51e28000 	C:\WINDOWS\SYSTEM32\kernel.appcore.dll
0x00007fff39200000 - 0x00007fff3920a000 	c:\Users\doant\.antigravity-ide\extensions\redhat.java-1.55.0-win32-x64\jre\21.0.11-win32-x86_64\bin\jimage.dll
0x00007fff50750000 - 0x00007fff50983000 	C:\WINDOWS\SYSTEM32\DBGHELP.DLL
0x00007fff53990000 - 0x00007fff53d21000 	C:\WINDOWS\System32\combase.dll
0x00007fff55330000 - 0x00007fff55408000 	C:\WINDOWS\System32\OLEAUT32.dll
0x00007fff38b40000 - 0x00007fff38b72000 	C:\WINDOWS\SYSTEM32\dbgcore.DLL
0x00007fff53850000 - 0x00007fff538cb000 	C:\WINDOWS\System32\bcryptPrimitives.dll
0x00007fff391f0000 - 0x00007fff391ff000 	c:\Users\doant\.antigravity-ide\extensions\redhat.java-1.55.0-win32-x64\jre\21.0.11-win32-x86_64\bin\instrument.dll
0x00007fff38e40000 - 0x00007fff38e60000 	c:\Users\doant\.antigravity-ide\extensions\redhat.java-1.55.0-win32-x64\jre\21.0.11-win32-x86_64\bin\java.dll
0x00007fff54a30000 - 0x00007fff552cc000 	C:\WINDOWS\System32\SHELL32.dll
0x00007fff533e0000 - 0x00007fff5351f000 	C:\WINDOWS\System32\wintypes.dll
0x00007fff50c50000 - 0x00007fff5156a000 	C:\WINDOWS\SYSTEM32\windows.storage.dll
0x00007fff54060000 - 0x00007fff54164000 	C:\WINDOWS\System32\SHCORE.dll
0x00007fff53e10000 - 0x00007fff53e79000 	C:\WINDOWS\System32\shlwapi.dll
0x00007fff52c70000 - 0x00007fff52c95000 	C:\WINDOWS\SYSTEM32\profapi.dll
0x00007fff37170000 - 0x00007fff37188000 	c:\Users\doant\.antigravity-ide\extensions\redhat.java-1.55.0-win32-x64\jre\21.0.11-win32-x86_64\bin\zip.dll
0x00007fff37160000 - 0x00007fff37170000 	C:\Users\doant\.antigravity-ide\extensions\redhat.java-1.55.0-win32-x64\jre\21.0.11-win32-x86_64\bin\net.dll
0x00007fff4be50000 - 0x00007fff4bf7c000 	C:\WINDOWS\SYSTEM32\WINHTTP.dll
0x00007fff522f0000 - 0x00007fff52359000 	C:\WINDOWS\system32\mswsock.dll
0x00007fff37140000 - 0x00007fff37156000 	C:\Users\doant\.antigravity-ide\extensions\redhat.java-1.55.0-win32-x64\jre\21.0.11-win32-x86_64\bin\nio.dll
0x00007fff36b60000 - 0x00007fff36b70000 	c:\Users\doant\.antigravity-ide\extensions\redhat.java-1.55.0-win32-x64\jre\21.0.11-win32-x86_64\bin\verify.dll

JVMTI agents:
c:\Users\doant\.antigravity-ide\extensions\redhat.java-1.55.0-win32-x64\lombok\lombok-1.18.39-4050.jar path:c:\Users\doant\.antigravity-ide\extensions\redhat.java-1.55.0-win32-x64\jre\21.0.11-win32-x86_64\bin\instrument.dll, loaded, initialized, instrumentlib options:none

dbghelp: loaded successfully - version: 4.0.5 - missing functions: none
symbol engine: initialized successfully - sym options: 0x614 - pdb path: .;c:\Users\doant\.antigravity-ide\extensions\redhat.java-1.55.0-win32-x64\jre\21.0.11-win32-x86_64\bin;C:\WINDOWS\SYSTEM32;C:\WINDOWS\WinSxS\amd64_microsoft.windows.common-controls_6595b64144ccf1df_6.0.22621.6060_none_2712eda17382d24b;c:\Users\doant\.antigravity-ide\extensions\redhat.java-1.55.0-win32-x64\jre\21.0.11-win32-x86_64\bin\server

VM Arguments:
jvm_args: --add-modules=ALL-SYSTEM --add-opens=java.base/java.util=ALL-UNNAMED --add-opens=java.base/java.lang=ALL-UNNAMED --add-opens=java.base/sun.nio.fs=ALL-UNNAMED -Declipse.application=org.eclipse.jdt.ls.core.id1 -Dosgi.bundles.defaultStartLevel=4 -Declipse.product=org.eclipse.jdt.ls.core.product -Djava.import.generatesMetadataFilesAtProjectRoot=false -DDetectVMInstallationsJob.disabled=true -Dfile.encoding=utf8 -XX:+UseParallelGC -XX:GCTimeRatio=4 -XX:AdaptiveSizePolicyWeight=90 -Dsun.zip.disableMemoryMapping=true -Xmx2G -Xms100m -Xlog:disable -javaagent:c:\Users\doant\.antigravity-ide\extensions\redhat.java-1.55.0-win32-x64\lombok\lombok-1.18.39-4050.jar -XX:+HeapDumpOnOutOfMemoryError -XX:HeapDumpPath=c:\Users\doant\AppData\Roaming\Antigravity IDE\User\workspaceStorage\42d5d191b228df981545ec47d1c3df4d\redhat.java -Daether.dependencyCollector.impl=bf 
java_command: c:\Users\doant\.antigravity-ide\extensions\redhat.java-1.55.0-win32-x64\server\plugins\org.eclipse.equinox.launcher_1.7.200.v20260619-2039.jar -configuration c:\Users\doant\AppData\Roaming\Antigravity IDE\User\globalStorage\redhat.java\1.55.0\config_win -data c:\Users\doant\AppData\Roaming\Antigravity IDE\User\workspaceStorage\42d5d191b228df981545ec47d1c3df4d\redhat.java\jdt_ws --pipe=\\.\pipe\lsp-65b890b429ee21625e92fa5898b0c3ce-sock
java_class_path (initial): c:\Users\doant\.antigravity-ide\extensions\redhat.java-1.55.0-win32-x64\server\plugins\org.eclipse.equinox.launcher_1.7.200.v20260619-2039.jar
Launcher Type: SUN_STANDARD

[Global flags]
    uintx AdaptiveSizePolicyWeight                 = 90                                        {product} {command line}
     intx CICompilerCount                          = 4                                         {product} {ergonomic}
    uintx GCTimeRatio                              = 4                                         {product} {command line}
     bool HeapDumpOnOutOfMemoryError               = true                                   {manageable} {command line}
    ccstr HeapDumpPath                             = c:\Users\doant\AppData\Roaming\Antigravity IDE\User\workspaceStorage\42d5d191b228df981545ec47d1c3df4d\redhat.java         {manageable} {command line}
   size_t InitialHeapSize                          = 104857600                                 {product} {command line}
   size_t MaxHeapSize                              = 2147483648                                {product} {command line}
   size_t MaxNewSize                               = 715653120                                 {product} {ergonomic}
   size_t MinHeapDeltaBytes                        = 524288                                    {product} {ergonomic}
   size_t MinHeapSize                              = 104857600                                 {product} {command line}
   size_t NewSize                                  = 34603008                                  {product} {ergonomic}
    uintx NonNMethodCodeHeapSize                   = 5839372                                {pd product} {ergonomic}
    uintx NonProfiledCodeHeapSize                  = 122909434                              {pd product} {ergonomic}
   size_t OldSize                                  = 70254592                                  {product} {ergonomic}
    uintx ProfiledCodeHeapSize                     = 122909434                              {pd product} {ergonomic}
    uintx ReservedCodeCacheSize                    = 251658240                              {pd product} {ergonomic}
     bool SegmentedCodeCache                       = true                                      {product} {ergonomic}
   size_t SoftMaxHeapSize                          = 2147483648                             {manageable} {ergonomic}
     bool UseCompressedOops                        = true                           {product lp64_product} {ergonomic}
     bool UseLargePagesIndividualAllocation        = false                                  {pd product} {ergonomic}
     bool UseParallelGC                            = true                                      {product} {command line}

Logging:
Log output configuration:
 #0: stdout all=off uptime,level,tags foldmultilines=false
 #1: stderr all=off uptime,level,tags foldmultilines=false

Release file:
JAVA_VERSION="21.0.11" 
MODULES="java.base java.compiler java.datatransfer java.xml java.prefs java.desktop java.instrument java.logging java.management java.security.sasl java.naming java.rmi java.management.rmi java.net.http java.scripting java.security.jgss java.transaction.xa java.sql java.sql.rowset java.xml.crypto java.se java.smartcardio jdk.accessibility jdk.internal.jvmstat jdk.attach jdk.charsets jdk.internal.opt jdk.zipfs jdk.compiler jdk.crypto.ec jdk.crypto.cryptoki jdk.crypto.mscapi jdk.dynalink jdk.internal.ed jdk.editpad jdk.hotspot.agent jdk.httpserver jdk.internal.le jdk.internal.vm.ci jdk.internal.vm.compiler jdk.internal.vm.compiler.management jdk.jartool jdk.javadoc jdk.jcmd jdk.management jdk.management.agent jdk.jconsole jdk.jdeps jdk.jdwp.agent jdk.jdi jdk.jfr jdk.jshell jdk.jsobject jdk.jstatd jdk.localedata jdk.management.jfr jdk.naming.dns jdk.naming.rmi jdk.net jdk.nio.mapmode jdk.random jdk.sctp jdk.security.auth jdk.security.jgss jdk.unsupported jdk.unsupported.desktop jdk.xml.dom" 

Environment Variables:
JAVA_HOME=C:\Program Files\Java\jdk-21.0.10
PATH=C:\Program Files (x86)\VMware\VMware Workstation\bin\;C:\Program Files\Common Files\Oracle\Java\javapath;C:\Windows\system32;C:\Windows;C:\Windows\System32\Wbem;C:\Windows\System32\WindowsPowerShell\v1.0\;C:\Windows\System32\OpenSSH\;C:\Program Files (x86)\NVIDIA Corporation\PhysX\Common;C:\Program Files\NVIDIA Corporation\NVIDIA NvDLISR;C:\WINDOWS\system32;C:\WINDOWS;C:\WINDOWS\System32\Wbem;C:\WINDOWS\System32\WindowsPowerShell\v1.0\;C:\WINDOWS\System32\OpenSSH\;C:\Program Files\Microsoft SQL Server\Client SDK\ODBC\170\Tools\Binn\;C:\Program Files\dotnet\;C:\Program Files (x86)\Windows Kits\10\Windows Performance Toolkit\;C:\Program Files\Git\cmd;C:\Program Files (x86)\Microsoft SQL Server\160\Tools\Binn\;C:\Program Files\Microsoft SQL Server\160\Tools\Binn\;C:\Program Files\Microsoft SQL Server\160\DTS\Binn\;C:\Program Files (x86)\Microsoft SQL Server\160\DTS\Binn\;c:\Users\doant\AppData\Local\Programs\cursor\resources\app\bin;C:\Program Files\Docker\Docker\resources\bin;C:\Users\doant\Downloads\gradle-8.7-bin\gradle-8.7\bin;C:\Program Files\nodejs\;C:\Program Files\MySQL\MySQL Shell 8.0\bin\;C:\Users\doant\AppData\Local\Programs\Python\Launcher\;C:\Users\doant\AppData\Local\Microsoft\WindowsApps;C:\Users\doant\.dotnet\tools;C:\Users\doant\AppData\Local\Programs\Microsoft VS Code\bin;C:\Users\doant\AppData\Local\Python\bin;C:\Users\doant\AppData\Local\Programs\Python\Python314\;C:\Users\doant\AppData\Local\Programs\Python\Python314\Scripts\;C:\Users\doant\AppData\Local\Programs\cursor\resources\app\bin;C:\Program Files\JetBrains\IntelliJ IDEA 2025.3.3\bin;F:\maven\bin;C:\Users\doant\AppData\Local\GitHubDesktop\bin;C:\Users\doant\AppData\Roaming\npm;C:\Users\doant\AppData\Local\Programs\Antigravity IDE\bin
USERNAME=doant
OS=Windows_NT
PROCESSOR_IDENTIFIER=Intel64 Family 6 Model 140 Stepping 1, GenuineIntel
TMP=C:\Users\doant\AppData\Local\Temp
TEMP=C:\Users\doant\AppData\Local\Temp




Periodic native trim disabled

---------------  S Y S T E M  ---------------

OS:
 Windows 11 , 64 bit Build 22621 (10.0.22621.5415)
OS uptime: 0 days 0:56 hours

CPU: total 8 (initial active 8) (4 cores per cpu, 2 threads per core) family 6 model 140 stepping 1 microcode 0xa6, cx8, cmov, fxsr, ht, mmx, 3dnowpref, sse, sse2, sse3, ssse3, sse4.1, sse4.2, popcnt, lzcnt, tsc, tscinvbit, avx, avx2, aes, erms, clmul, bmi1, bmi2, adx, avx512f, avx512dq, avx512cd, avx512bw, avx512vl, sha, fma, vzeroupper, avx512_vpopcntdq, avx512_vpclmulqdq, avx512_vaes, avx512_vnni, clflush, clflushopt, clwb, avx512_vbmi2, avx512_vbmi, rdtscp, rdpid, fsrm, gfni, avx512_bitalg, f16c, pku, cet_ibt, cet_ss, avx512_ifma
Processor Information for the first 8 processors :
  Max Mhz: 2419, Current Mhz: 2419, Mhz Limit: 2419

Memory: 4k page, system-wide physical 16078M (673M free)
TotalPageFile size 24270M (AvailPageFile size 10M)
current process WorkingSet (physical memory assigned to process): 70M, peak: 71M
current process commit charge ("private bytes"): 235M, peak: 237M

vm_info: OpenJDK 64-Bit Server VM (21.0.11+10-LTS) for windows-amd64 JRE (21.0.11+10-LTS), built on 2026-04-21T00:00:00Z by "admin" with MS VC++ 17.12 (VS2022)

END.
