#
# There is insufficient memory for the Java Runtime Environment to continue.
# Native memory allocation (malloc) failed to allocate 366336 bytes. Error detail: Chunk::new
# Possible reasons:
#   The system is out of physical RAM or swap space
#   This process is running with CompressedOops enabled, and the Java Heap may be blocking the growth of the native heap
# Possible solutions:
#   Reduce memory load on the system
#   Increase physical memory or swap space
#   Check if swap backing store is full
#   Decrease Java heap size (-Xmx/-Xms)
#   Decrease number of Java threads
#   Decrease Java thread stack sizes (-Xss)
#   Set larger code cache with -XX:ReservedCodeCacheSize=
#   JVM is running with Unscaled Compressed Oops mode in which the Java heap is
#     placed in the first 4GB address space. The Java Heap base address is the
#     maximum limit for the native heap growth. Please use -XX:HeapBaseMinAddress
#     to set the Java Heap base and to place the Java Heap above 4GB virtual address.
# This output file may be truncated or incomplete.
#
#  Out of Memory Error (arena.cpp:168), pid=20688, tid=1356
#
# JRE version: OpenJDK Runtime Environment Temurin-21.0.11+10 (21.0.11+10) (build 21.0.11+10-LTS)
# Java VM: OpenJDK 64-Bit Server VM Temurin-21.0.11+10 (21.0.11+10-LTS, mixed mode, sharing, tiered, compressed oops, compressed class ptrs, parallel gc, windows-amd64)
# No core dump will be written. Minidumps are not enabled by default on client versions of Windows
#

---------------  S U M M A R Y ------------

Command Line: --add-modules=ALL-SYSTEM --add-opens=java.base/java.util=ALL-UNNAMED --add-opens=java.base/java.lang=ALL-UNNAMED --add-opens=java.base/sun.nio.fs=ALL-UNNAMED -Declipse.application=org.eclipse.jdt.ls.core.id1 -Dosgi.bundles.defaultStartLevel=4 -Declipse.product=org.eclipse.jdt.ls.core.product -Djava.import.generatesMetadataFilesAtProjectRoot=false -DDetectVMInstallationsJob.disabled=true -Dfile.encoding=utf8 -XX:+UseParallelGC -XX:GCTimeRatio=4 -XX:AdaptiveSizePolicyWeight=90 -Dsun.zip.disableMemoryMapping=true -Xmx2G -Xms100m -Xlog:disable -javaagent:c:\Users\doant\.antigravity-ide\extensions\redhat.java-1.55.0-win32-x64\lombok\lombok-1.18.39-4050.jar c:\Users\doant\.antigravity-ide\extensions\redhat.java-1.55.0-win32-x64\server\plugins\org.eclipse.equinox.launcher_1.7.200.v20260619-2039.jar -configuration c:\Users\doant\AppData\Roaming\Antigravity IDE\User\globalStorage\redhat.java\1.55.0\config_ss_win -data c:\Users\doant\AppData\Roaming\Antigravity IDE\User\workspaceStorage\42d5d191b228df981545ec47d1c3df4d\redhat.java\ss_ws --pipe=\\.\pipe\lsp-4660f50e804809a2ca341c954d97c6a7-sock

Host: 11th Gen Intel(R) Core(TM) i5-1135G7 @ 2.40GHz, 8 cores, 15G,  Windows 11 , 64 bit Build 22621 (10.0.22621.5415)
Time: Thu Jul 16 13:36:56 2026 SE Asia Standard Time elapsed time: 0.932728 seconds (0d 0h 0m 0s)

---------------  T H R E A D  ---------------

Current thread (0x000002811625f3e0):  JavaThread "C2 CompilerThread2" daemon [_thread_in_native, id=1356, stack(0x000000f632b00000,0x000000f632c00000) (1024K)]


Current CompileTask:
C2:932 1297       4       java.io.DataInputStream::readUTF (501 bytes)

Stack: [0x000000f632b00000,0x000000f632c00000]
Native frames: (J=compiled Java code, j=interpreted, Vv=VM code, C=native code)
V  [jvm.dll+0x6d7e19]
V  [jvm.dll+0x8b5096]
V  [jvm.dll+0x8b764e]
V  [jvm.dll+0x8b7d33]
V  [jvm.dll+0x284596]
V  [jvm.dll+0xc685d]
V  [jvm.dll+0xc6da1]
V  [jvm.dll+0x2fb4ee]
V  [jvm.dll+0x5fe9a4]
V  [jvm.dll+0x255d67]
V  [jvm.dll+0x25612d]
V  [jvm.dll+0x24e6a0]
V  [jvm.dll+0x24bbe6]
V  [jvm.dll+0x1cb4ae]
V  [jvm.dll+0x25baad]
V  [jvm.dll+0x25a03a]
V  [jvm.dll+0x3f868e]
V  [jvm.dll+0x85fb0d]
V  [jvm.dll+0x6d664d]
C  [ucrtbase.dll+0x29333]
C  [KERNEL32.DLL+0x1259d]
C  [ntdll.dll+0x5af78]


---------------  P R O C E S S  ---------------

Threads class SMR info:
_java_thread_list=0x000002811636bda0, length=13, elements={
0x00000280b8ab4b60, 0x00000280cf521500, 0x00000280cf522220, 0x00000280cf5244e0,
0x00000280cf526470, 0x00000280cf528060, 0x00000280cf52b760, 0x00000280cf5327c0,
0x00000280cf533b50, 0x0000028116234e90, 0x000002811620e670, 0x000002811625f3e0,
0x0000028116256c70
}

Java Threads: ( => current thread )
  0x00000280b8ab4b60 JavaThread "main"                              [_thread_in_vm, id=20056, stack(0x000000f631d00000,0x000000f631e00000) (1024K)]
  0x00000280cf521500 JavaThread "Reference Handler"          daemon [_thread_blocked, id=21500, stack(0x000000f632100000,0x000000f632200000) (1024K)]
  0x00000280cf522220 JavaThread "Finalizer"                  daemon [_thread_blocked, id=21444, stack(0x000000f632200000,0x000000f632300000) (1024K)]
  0x00000280cf5244e0 JavaThread "Signal Dispatcher"          daemon [_thread_blocked, id=19804, stack(0x000000f632300000,0x000000f632400000) (1024K)]
  0x00000280cf526470 JavaThread "Attach Listener"            daemon [_thread_blocked, id=11644, stack(0x000000f632400000,0x000000f632500000) (1024K)]
  0x00000280cf528060 JavaThread "Service Thread"             daemon [_thread_blocked, id=13228, stack(0x000000f632500000,0x000000f632600000) (1024K)]
  0x00000280cf52b760 JavaThread "Monitor Deflation Thread"   daemon [_thread_blocked, id=11272, stack(0x000000f632600000,0x000000f632700000) (1024K)]
  0x00000280cf5327c0 JavaThread "C2 CompilerThread0"         daemon [_thread_in_native, id=21276, stack(0x000000f632700000,0x000000f632800000) (1024K)]
  0x00000280cf533b50 JavaThread "C1 CompilerThread0"         daemon [_thread_blocked, id=14368, stack(0x000000f632800000,0x000000f632900000) (1024K)]
  0x0000028116234e90 JavaThread "Common-Cleaner"             daemon [_thread_blocked, id=20932, stack(0x000000f632900000,0x000000f632a00000) (1024K)]
  0x000002811620e670 JavaThread "C2 CompilerThread1"         daemon [_thread_in_native, id=21236, stack(0x000000f632a00000,0x000000f632b00000) (1024K)]
=>0x000002811625f3e0 JavaThread "C2 CompilerThread2"         daemon [_thread_in_native, id=1356, stack(0x000000f632b00000,0x000000f632c00000) (1024K)]
  0x0000028116256c70 JavaThread "Notification Thread"        daemon [_thread_blocked, id=16980, stack(0x000000f632c00000,0x000000f632d00000) (1024K)]
Total: 13

Other Threads:
  0x00000280b8b6e930 VMThread "VM Thread"                           [id=20980, stack(0x000000f632000000,0x000000f632100000) (1024K)]
  0x00000280cf43c950 WatcherThread "VM Periodic Task Thread"        [id=16208, stack(0x000000f631f00000,0x000000f632000000) (1024K)]
  0x00000280b8ad3e90 WorkerThread "GC Thread#0"                     [id=2424, stack(0x000000f631e00000,0x000000f631f00000) (1024K)]
  0x0000028116934d20 WorkerThread "GC Thread#1"                     [id=21420, stack(0x000000f632d00000,0x000000f632e00000) (1024K)]
  0x0000028116933580 WorkerThread "GC Thread#2"                     [id=20952, stack(0x000000f632e00000,0x000000f632f00000) (1024K)]
  0x00000281169c7840 WorkerThread "GC Thread#3"                     [id=15796, stack(0x000000f632f00000,0x000000f633000000) (1024K)]
  0x00000281169c7bf0 WorkerThread "GC Thread#4"                     [id=17512, stack(0x000000f633000000,0x000000f633100000) (1024K)]
  0x0000028116bcd460 WorkerThread "GC Thread#5"                     [id=10132, stack(0x000000f633100000,0x000000f633200000) (1024K)]
  0x0000028116bcd810 WorkerThread "GC Thread#6"                     [id=13824, stack(0x000000f633200000,0x000000f633300000) (1024K)]
Total: 9

Threads with active compile tasks:
C2 CompilerThread0  950 1318       4       java.io.BufferedInputStream::implRead (49 bytes)
C2 CompilerThread1  950 1316   !   4       java.io.BufferedInputStream::read (54 bytes)
C2 CompilerThread2  950 1297       4       java.io.DataInputStream::readUTF (501 bytes)
Total: 3

VM state: not at safepoint (normal execution)

VM Mutex/Monitor currently owned by a thread: None

Heap address: 0x0000000080000000, size: 2048 MB, Compressed Oops mode: 32-bit

CDS archive(s) mapped at: [0x00000280d0000000-0x00000280d0ba0000-0x00000280d0ba0000), size 12189696, SharedBaseAddress: 0x00000280d0000000, ArchiveRelocationMode: 1.
Compressed class space mapped at: 0x00000280d1000000-0x0000028111000000, reserved size: 1073741824
Narrow klass base: 0x00000280d0000000, Narrow klass shift: 0, Narrow klass range: 0x100000000

GC Precious Log:
 CardTable entry size: 512
 CPUs: 8 total, 8 available
 Memory: 16078M
 Large Page Support: Disabled
 NUMA Support: Disabled
 Compressed Oops: Enabled (32-bit)
 Alignments: Space 512K, Generation 512K, Heap 2M
 Heap Min Capacity: 100M
 Heap Initial Capacity: 100M
 Heap Max Capacity: 2G
 Pre-touch: Disabled
 Parallel Workers: 8

Heap:
 PSYoungGen      total 29696K, used 11056K [0x00000000d5580000, 0x00000000d7680000, 0x0000000100000000)
  eden space 25600K, 30% used [0x00000000d5580000,0x00000000d5d180c0,0x00000000d6e80000)
  from space 4096K, 80% used [0x00000000d6e80000,0x00000000d71b4148,0x00000000d7280000)
  to   space 4096K, 0% used [0x00000000d7280000,0x00000000d7280000,0x00000000d7680000)
 ParOldGen       total 68608K, used 16K [0x0000000080000000, 0x0000000084300000, 0x00000000d5580000)
  object space 68608K, 0% used [0x0000000080000000,0x0000000080004000,0x0000000084300000)
 Metaspace       used 6011K, committed 6336K, reserved 1114112K
  class space    used 620K, committed 768K, reserved 1048576K

Card table byte_map: [0x00000280b8480000,0x00000280b8890000] _byte_map_base: 0x00000280b8080000

Marking Bits: (ParMarkBitMap*) 0x00007ffecabc4460
 Begin Bits: [0x00000280caf60000, 0x00000280ccf60000)
 End Bits:   [0x00000280ccf60000, 0x00000280cef60000)

Polling page: 0x00000280b8270000

Metaspace:

Usage:
  Non-class:      5.26 MB used.
      Class:    620.40 KB used.
       Both:      5.87 MB used.

Virtual space:
  Non-class space:       64.00 MB reserved,       5.44 MB (  8%) committed,  1 nodes.
      Class space:        1.00 GB reserved,     768.00 KB ( <1%) committed,  1 nodes.
             Both:        1.06 GB reserved,       6.19 MB ( <1%) committed. 

Chunk freelists:
   Non-Class:  10.08 MB
       Class:  15.08 MB
        Both:  25.16 MB

MaxMetaspaceSize: unlimited
CompressedClassSpaceSize: 1.00 GB
Initial GC threshold: 21.00 MB
Current GC threshold: 21.00 MB
CDS: on
 - commit_granule_bytes: 65536.
 - commit_granule_words: 8192.
 - virtual_space_node_default_size: 8388608.
 - enlarge_chunks_in_place: 1.
 - use_allocation_guard: 0.


Internal statistics:

num_allocs_failed_limit: 0.
num_arena_births: 190.
num_arena_deaths: 0.
num_vsnodes_births: 2.
num_vsnodes_deaths: 0.
num_space_committed: 99.
num_space_uncommitted: 0.
num_chunks_returned_to_freelist: 0.
num_chunks_taken_from_freelist: 313.
num_chunk_merges: 0.
num_chunk_splits: 200.
num_chunks_enlarged: 125.
num_inconsistent_stats: 0.

CodeHeap 'non-profiled nmethods': size=120000Kb used=544Kb max_used=544Kb free=119455Kb
 bounds [0x00000280c3780000, 0x00000280c39f0000, 0x00000280cacb0000]
CodeHeap 'profiled nmethods': size=120000Kb used=2268Kb max_used=2268Kb free=117731Kb
 bounds [0x00000280bbcb0000, 0x00000280bbf20000, 0x00000280c31e0000]
CodeHeap 'non-nmethods': size=5760Kb used=1217Kb max_used=1237Kb free=4542Kb
 bounds [0x00000280c31e0000, 0x00000280c3450000, 0x00000280c3780000]
CodeCache: size=245760Kb, used=4029Kb, max_used=4049Kb, free=241728Kb
 total_blobs=1796, nmethods=1326, adapters=377, full_count=0
Compilation: enabled, stopped_count=0, restarted_count=0

Compilation events (20 events):
Event: 0.924 Thread 0x00000280cf533b50 1315       3       org.eclipse.osgi.container.ModuleDatabase$Persistence::readMap (118 bytes)
Event: 0.926 Thread 0x00000280cf533b50 nmethod 1315 0x00000280bbed5990 code [0x00000280bbed5d40, 0x00000280bbed72c8]
Event: 0.926 Thread 0x00000280cf533b50 1314       3       org.eclipse.osgi.container.ModuleDatabase$Persistence::readIndexedMap (16 bytes)
Event: 0.926 Thread 0x00000280cf533b50 nmethod 1314 0x00000280bbed7c10 code [0x00000280bbed7e40, 0x00000280bbed8538]
Event: 0.926 Thread 0x00000280cf533b50 1313       3       org.eclipse.osgi.container.ModuleDatabase$Persistence::readVersion0 (96 bytes)
Event: 0.928 Thread 0x00000280cf533b50 nmethod 1313 0x00000280bbed8890 code [0x00000280bbed8ce0, 0x00000280bbedab00]
Event: 0.928 Thread 0x00000280cf533b50 1312       3       org.eclipse.osgi.container.ModuleDatabase$Persistence::readVersion (7 bytes)
Event: 0.928 Thread 0x00000280cf533b50 nmethod 1312 0x00000280bbedb510 code [0x00000280bbedb6c0, 0x00000280bbedb7e0]
Event: 0.928 Thread 0x00000280cf533b50 1317       3       java.util.Collections::unmodifiableMap (22 bytes)
Event: 0.928 Thread 0x00000280cf533b50 nmethod 1317 0x00000280bbedb890 code [0x00000280bbedba80, 0x00000280bbedbed0]
Event: 0.928 Thread 0x00000280cf533b50 1320       3       org.eclipse.osgi.container.ModuleDatabase$Persistence::readListValue (97 bytes)
Event: 0.929 Thread 0x00000280cf533b50 nmethod 1320 0x00000280bbedc090 code [0x00000280bbedc420, 0x00000280bbedd9c0]
Event: 0.929 Thread 0x00000280cf533b50 1323       3       org.eclipse.osgi.container.ModuleDatabase$Persistence::readList (78 bytes)
Event: 0.930 Thread 0x00000280cf533b50 nmethod 1323 0x00000280bbede090 code [0x00000280bbede3c0, 0x00000280bbedf568]
Event: 0.930 Thread 0x00000280cf533b50 1301       3       org.eclipse.osgi.container.ModuleDatabase$Persistence::addToReadTable (70 bytes)
Event: 0.931 Thread 0x00000280cf533b50 nmethod 1301 0x00000280bbedfd90 code [0x00000280bbedffc0, 0x00000280bbee07c0]
Event: 0.931 Thread 0x00000280cf533b50 1325       3       sun.net.www.protocol.jar.Handler::checkNestedProtocol (18 bytes)
Event: 0.931 Thread 0x00000280cf533b50 nmethod 1325 0x00000280bbee0990 code [0x00000280bbee0b40, 0x00000280bbee0d18]
Event: 0.931 Thread 0x000002811620e670 nmethod 1309 0x00000280c3801d10 code [0x00000280c3801f40, 0x00000280c38027a8]
Event: 0.931 Thread 0x000002811620e670 1321       4       jdk.internal.misc.Unsafe::getIntUnaligned (12 bytes)

GC Heap History (2 events):
Event: 0.703 GC heap before
{Heap before GC invocations=1 (full 0):
 PSYoungGen      total 29696K, used 25600K [0x00000000d5580000, 0x00000000d7680000, 0x0000000100000000)
  eden space 25600K, 100% used [0x00000000d5580000,0x00000000d6e80000,0x00000000d6e80000)
  from space 4096K, 0% used [0x00000000d7280000,0x00000000d7280000,0x00000000d7680000)
  to   space 4096K, 0% used [0x00000000d6e80000,0x00000000d6e80000,0x00000000d7280000)
 ParOldGen       total 68608K, used 0K [0x0000000080000000, 0x0000000084300000, 0x00000000d5580000)
  object space 68608K, 0% used [0x0000000080000000,0x0000000080000000,0x0000000084300000)
 Metaspace       used 4374K, committed 4608K, reserved 1114112K
  class space    used 476K, committed 576K, reserved 1048576K
}
Event: 0.711 GC heap after
{Heap after GC invocations=1 (full 0):
 PSYoungGen      total 29696K, used 3280K [0x00000000d5580000, 0x00000000d7680000, 0x0000000100000000)
  eden space 25600K, 0% used [0x00000000d5580000,0x00000000d5580000,0x00000000d6e80000)
  from space 4096K, 80% used [0x00000000d6e80000,0x00000000d71b4148,0x00000000d7280000)
  to   space 4096K, 0% used [0x00000000d7280000,0x00000000d7280000,0x00000000d7680000)
 ParOldGen       total 68608K, used 16K [0x0000000080000000, 0x0000000084300000, 0x00000000d5580000)
  object space 68608K, 0% used [0x0000000080000000,0x0000000080004000,0x0000000084300000)
 Metaspace       used 4374K, committed 4608K, reserved 1114112K
  class space    used 476K, committed 576K, reserved 1048576K
}

Dll operation events (8 events):
Event: 0.006 Loaded shared library c:\Users\doant\.antigravity-ide\extensions\redhat.java-1.55.0-win32-x64\jre\21.0.11-win32-x86_64\bin\java.dll
Event: 0.040 Loaded shared library c:\Users\doant\.antigravity-ide\extensions\redhat.java-1.55.0-win32-x64\jre\21.0.11-win32-x86_64\bin\zip.dll
Event: 0.086 Loaded shared library C:\Users\doant\.antigravity-ide\extensions\redhat.java-1.55.0-win32-x64\jre\21.0.11-win32-x86_64\bin\instrument.dll
Event: 0.091 Loaded shared library C:\Users\doant\.antigravity-ide\extensions\redhat.java-1.55.0-win32-x64\jre\21.0.11-win32-x86_64\bin\net.dll
Event: 0.093 Loaded shared library C:\Users\doant\.antigravity-ide\extensions\redhat.java-1.55.0-win32-x64\jre\21.0.11-win32-x86_64\bin\nio.dll
Event: 0.096 Loaded shared library C:\Users\doant\.antigravity-ide\extensions\redhat.java-1.55.0-win32-x64\jre\21.0.11-win32-x86_64\bin\zip.dll
Event: 0.108 Loaded shared library C:\Users\doant\.antigravity-ide\extensions\redhat.java-1.55.0-win32-x64\jre\21.0.11-win32-x86_64\bin\jimage.dll
Event: 0.147 Loaded shared library c:\Users\doant\.antigravity-ide\extensions\redhat.java-1.55.0-win32-x64\jre\21.0.11-win32-x86_64\bin\verify.dll

Deoptimization events (20 events):
Event: 0.772 Thread 0x00000280b8ab4b60 Uncommon trap: trap_request=0xffffff45 fr.pc=0x00000280c37e52c0 relative=0x0000000000000280
Event: 0.772 Thread 0x00000280b8ab4b60 Uncommon trap: reason=unstable_if action=reinterpret pc=0x00000280c37e52c0 method=java.util.HashMap.hash(Ljava/lang/Object;)I @ 1 c2
Event: 0.772 Thread 0x00000280b8ab4b60 DEOPT PACKING pc=0x00000280c37e52c0 sp=0x000000f631dfe6e0
Event: 0.772 Thread 0x00000280b8ab4b60 DEOPT UNPACKING pc=0x00000280c3236da2 sp=0x000000f631dfe578 mode 2
Event: 0.776 Thread 0x00000280b8ab4b60 Uncommon trap: trap_request=0xffffff45 fr.pc=0x00000280c37e3af0 relative=0x0000000000000310
Event: 0.776 Thread 0x00000280b8ab4b60 Uncommon trap: reason=unstable_if action=reinterpret pc=0x00000280c37e3af0 method=java.util.HashMap.hash(Ljava/lang/Object;)I @ 1 c2
Event: 0.776 Thread 0x00000280b8ab4b60 DEOPT PACKING pc=0x00000280c37e3af0 sp=0x000000f631dfe650
Event: 0.776 Thread 0x00000280b8ab4b60 DEOPT UNPACKING pc=0x00000280c3236da2 sp=0x000000f631dfe558 mode 2
Event: 0.776 Thread 0x00000280b8ab4b60 Uncommon trap: trap_request=0xffffff45 fr.pc=0x00000280c37e2650 relative=0x00000000000000b0
Event: 0.776 Thread 0x00000280b8ab4b60 Uncommon trap: reason=unstable_if action=reinterpret pc=0x00000280c37e2650 method=java.util.HashMap.hash(Ljava/lang/Object;)I @ 1 c2
Event: 0.776 Thread 0x00000280b8ab4b60 DEOPT PACKING pc=0x00000280c37e2650 sp=0x000000f631dfe700
Event: 0.776 Thread 0x00000280b8ab4b60 DEOPT UNPACKING pc=0x00000280c3236da2 sp=0x000000f631dfe698 mode 2
Event: 0.776 Thread 0x00000280b8ab4b60 Uncommon trap: trap_request=0xffffffde fr.pc=0x00000280c37c7234 relative=0x0000000000000594
Event: 0.776 Thread 0x00000280b8ab4b60 Uncommon trap: reason=class_check action=maybe_recompile pc=0x00000280c37c7234 method=java.util.Collections$UnmodifiableCollection$1.<init>(Ljava/util/Collections$UnmodifiableCollection;)V @ 17 c2
Event: 0.776 Thread 0x00000280b8ab4b60 DEOPT PACKING pc=0x00000280c37c7234 sp=0x000000f631dfe730
Event: 0.776 Thread 0x00000280b8ab4b60 DEOPT UNPACKING pc=0x00000280c3236da2 sp=0x000000f631dfe678 mode 2
Event: 0.844 Thread 0x00000280b8ab4b60 Uncommon trap: trap_request=0xffffff45 fr.pc=0x00000280c37c8378 relative=0x0000000000000198
Event: 0.844 Thread 0x00000280b8ab4b60 Uncommon trap: reason=unstable_if action=reinterpret pc=0x00000280c37c8378 method=java.lang.invoke.VarHandle.checkAccessModeThenIsDirect(Ljava/lang/invoke/VarHandle$AccessDescriptor;)Z @ 4 c2
Event: 0.844 Thread 0x00000280b8ab4b60 DEOPT PACKING pc=0x00000280c37c8378 sp=0x000000f631dfe6e0
Event: 0.844 Thread 0x00000280b8ab4b60 DEOPT UNPACKING pc=0x00000280c3236da2 sp=0x000000f631dfe638 mode 2

Classes loaded (20 events):
Event: 0.891 Loading class java/util/AbstractQueue done
Event: 0.891 Loading class java/util/concurrent/SynchronousQueue done
Event: 0.891 Loading class java/util/concurrent/SynchronousQueue$Transferer
Event: 0.891 Loading class java/util/concurrent/LinkedTransferQueue
Event: 0.892 Loading class java/util/concurrent/TransferQueue
Event: 0.892 Loading class java/util/concurrent/TransferQueue done
Event: 0.892 Loading class java/util/concurrent/LinkedTransferQueue done
Event: 0.892 Loading class java/util/concurrent/SynchronousQueue$Transferer done
Event: 0.892 Loading class java/util/concurrent/LinkedTransferQueue$DualNode
Event: 0.892 Loading class java/util/concurrent/LinkedTransferQueue$DualNode done
Event: 0.893 Loading class java/util/concurrent/RejectedExecutionHandler
Event: 0.893 Loading class java/util/concurrent/RejectedExecutionHandler done
Event: 0.893 Loading class java/util/concurrent/LinkedBlockingQueue
Event: 0.893 Loading class java/util/concurrent/LinkedBlockingQueue done
Event: 0.893 Loading class java/util/concurrent/LinkedBlockingQueue$Node
Event: 0.893 Loading class java/util/concurrent/LinkedBlockingQueue$Node done
Event: 0.906 Loading class java/util/concurrent/Semaphore$NonfairSync
Event: 0.907 Loading class java/util/concurrent/Semaphore$Sync
Event: 0.907 Loading class java/util/concurrent/Semaphore$Sync done
Event: 0.907 Loading class java/util/concurrent/Semaphore$NonfairSync done

Classes unloaded (0 events):
No events

Classes redefined (0 events):
No events

Internal exceptions (20 events):
Event: 0.457 Thread 0x00000280b8ab4b60 Exception <a 'java/io/FileNotFoundException'{0x00000000d64ccb48}> (0x00000000d64ccb48) 
thrown [s\src\hotspot\share\prims\jni.cpp, line 520]
Event: 0.457 Thread 0x00000280b8ab4b60 Exception <a 'java/io/FileNotFoundException'{0x00000000d64cd810}> (0x00000000d64cd810) 
thrown [s\src\hotspot\share\prims\jni.cpp, line 520]
Event: 0.457 Thread 0x00000280b8ab4b60 Exception <a 'java/io/FileNotFoundException'{0x00000000d64ce390}> (0x00000000d64ce390) 
thrown [s\src\hotspot\share\prims\jni.cpp, line 520]
Event: 0.461 Thread 0x00000280b8ab4b60 Implicit null exception at 0x00000280c37ae3a4 to 0x00000280c37ae9a4
Event: 0.464 Thread 0x00000280b8ab4b60 Exception <a 'java/io/FileNotFoundException'{0x00000000d6508818}> (0x00000000d6508818) 
thrown [s\src\hotspot\share\prims\jni.cpp, line 520]
Event: 0.475 Thread 0x00000280b8ab4b60 Exception <a 'java/lang/NoSuchMethodError'{0x00000000d65448c8}: 'java.lang.Object java.lang.invoke.DirectMethodHandle$Holder.invokeInterface(java.lang.Object, java.lang.Object)'> (0x00000000d65448c8) 
thrown [s\src\hotspot\share\interpreter\linkResolver.cpp, line 773]
Event: 0.479 Thread 0x00000280b8ab4b60 Exception <a 'java/lang/NoSuchMethodError'{0x00000000d6558428}: 'java.lang.Object java.lang.invoke.Invokers$Holder.invokeExact_MT(java.lang.Object, java.lang.Object, java.lang.Object, java.lang.Object, java.lang.Object, java.lang.Object)'> (0x00000000d6558428) 
thrown [s\src\hotspot\share\interpreter\linkResolver.cpp, line 773]
Event: 0.481 Thread 0x00000280b8ab4b60 Exception <a 'java/lang/NoSuchMethodError'{0x00000000d656f500}: 'int java.lang.invoke.DirectMethodHandle$Holder.invokeStatic(java.lang.Object, java.lang.Object, java.lang.Object, java.lang.Object, java.lang.Object)'> (0x00000000d656f500) 
thrown [s\src\hotspot\share\interpreter\linkResolver.cpp, line 773]
Event: 0.502 Thread 0x00000280b8ab4b60 Exception <a 'java/lang/NoSuchMethodError'{0x00000000d6603490}: 'java.lang.Object java.lang.invoke.DirectMethodHandle$Holder.invokeInterface(java.lang.Object, java.lang.Object, int)'> (0x00000000d6603490) 
thrown [s\src\hotspot\share\interpreter\linkResolver.cpp, line 773]
Event: 0.613 Thread 0x00000280b8ab4b60 Exception <a 'java/lang/NoSuchMethodError'{0x00000000d6a6c418}: 'java.lang.ClassLoader java.lang.ClassLoader.getPlatformClassLoader(java.lang.Class)'> (0x00000000d6a6c418) 
thrown [s\src\hotspot\share\interpreter\linkResolver.cpp, line 773]
Event: 0.714 Thread 0x00000280b8ab4b60 Exception <a 'java/lang/ClassNotFoundException'{0x00000000d558ae00}: sun/net/www/protocol/c/Handler> (0x00000000d558ae00) 
thrown [s\src\hotspot\share\classfile\systemDictionary.cpp, line 313]
Event: 0.714 Thread 0x00000280b8ab4b60 Exception <a 'java/lang/ClassNotFoundException'{0x00000000d558c178}: sun/net/www/protocol/f/Handler> (0x00000000d558c178) 
thrown [s\src\hotspot\share\classfile\systemDictionary.cpp, line 313]
Event: 0.714 Thread 0x00000280b8ab4b60 Exception <a 'java/lang/ClassNotFoundException'{0x00000000d558d318}: sun/net/www/protocol/c/Handler> (0x00000000d558d318) 
thrown [s\src\hotspot\share\classfile\systemDictionary.cpp, line 313]
Event: 0.721 Thread 0x00000280b8ab4b60 Exception <a 'java/io/FileNotFoundException'{0x00000000d55b5868}> (0x00000000d55b5868) 
thrown [s\src\hotspot\share\prims\jni.cpp, line 520]
Event: 0.772 Thread 0x00000280b8ab4b60 Implicit null exception at 0x00000280c37f5249 to 0x00000280c37f5d30
Event: 0.772 Thread 0x00000280b8ab4b60 Implicit null exception at 0x00000280c37e509a to 0x00000280c37e52a8
Event: 0.773 Thread 0x00000280b8ab4b60 Exception <a 'java/lang/NoSuchMethodError'{0x00000000d56e87a8}: 'void java.lang.invoke.DirectMethodHandle$Holder.invokeStatic(java.lang.Object, java.lang.Object, java.lang.Object, java.lang.Object)'> (0x00000000d56e87a8) 
thrown [s\src\hotspot\share\interpreter\linkResolver.cpp, line 773]
Event: 0.776 Thread 0x00000280b8ab4b60 Implicit null exception at 0x00000280c37e383a to 0x00000280c37e3ad8
Event: 0.776 Thread 0x00000280b8ab4b60 Implicit null exception at 0x00000280c37e25bd to 0x00000280c37e2641
Event: 0.865 Thread 0x00000280b8ab4b60 Exception <a 'java/lang/NoSuchMethodError'{0x00000000d59ab388}: 'void java.lang.invoke.DirectMethodHandle$Holder.invokeSpecial(java.lang.Object, java.lang.Object, java.lang.Object)'> (0x00000000d59ab388) 
thrown [s\src\hotspot\share\interpreter\linkResolver.cpp, line 773]

ZGC Phase Switch (0 events):
No events

VM Operations (14 events):
Event: 0.067 Executing non-safepoint VM operation: HandshakeAllThreads (Deoptimize)
Event: 0.067 Executing non-safepoint VM operation: HandshakeAllThreads (Deoptimize) done
Event: 0.114 Executing non-safepoint VM operation: HandshakeAllThreads (Deoptimize)
Event: 0.114 Executing non-safepoint VM operation: HandshakeAllThreads (Deoptimize) done
Event: 0.408 Executing non-safepoint VM operation: HandshakeAllThreads (Deoptimize)
Event: 0.408 Executing non-safepoint VM operation: HandshakeAllThreads (Deoptimize) done
Event: 0.425 Executing non-safepoint VM operation: HandshakeAllThreads (Deoptimize)
Event: 0.425 Executing non-safepoint VM operation: HandshakeAllThreads (Deoptimize) done
Event: 0.681 Executing safepoint VM operation: ICBufferFull
Event: 0.681 Executing safepoint VM operation: ICBufferFull done
Event: 0.688 Executing non-safepoint VM operation: HandshakeAllThreads (Deoptimize)
Event: 0.688 Executing non-safepoint VM operation: HandshakeAllThreads (Deoptimize) done
Event: 0.703 Executing safepoint VM operation: ParallelGCFailedAllocation (Allocation Failure)
Event: 0.711 Executing safepoint VM operation: ParallelGCFailedAllocation (Allocation Failure) done

Memory protections (0 events):
No events

Nmethod flushes (0 events):
No events

Events (13 events):
Event: 0.030 Thread 0x00000280b8ab4b60 Thread added: 0x00000280b8ab4b60
Event: 0.042 Thread 0x00000280b8ab4b60 Thread added: 0x00000280cf521500
Event: 0.043 Thread 0x00000280b8ab4b60 Thread added: 0x00000280cf522220
Event: 0.043 Thread 0x00000280b8ab4b60 Thread added: 0x00000280cf5244e0
Event: 0.043 Thread 0x00000280b8ab4b60 Thread added: 0x00000280cf526470
Event: 0.043 Thread 0x00000280b8ab4b60 Thread added: 0x00000280cf528060
Event: 0.043 Thread 0x00000280b8ab4b60 Thread added: 0x00000280cf52b760
Event: 0.043 Thread 0x00000280b8ab4b60 Thread added: 0x00000280cf5327c0
Event: 0.043 Thread 0x00000280b8ab4b60 Thread added: 0x00000280cf533b50
Event: 0.087 Thread 0x00000280b8ab4b60 Thread added: 0x0000028116234e90
Event: 0.144 Thread 0x00000280cf533b50 Thread added: 0x000002811620e670
Event: 0.144 Thread 0x00000280cf533b50 Thread added: 0x000002811625f3e0
Event: 0.242 Thread 0x00000280b8ab4b60 Thread added: 0x0000028116256c70


Dynamic libraries:
0x00007ff61e3f0000 - 0x00007ff61e3fe000 	c:\Users\doant\.antigravity-ide\extensions\redhat.java-1.55.0-win32-x64\jre\21.0.11-win32-x86_64\bin\java.exe
0x00007fff55c30000 - 0x00007fff55e48000 	C:\WINDOWS\SYSTEM32\ntdll.dll
0x00007fff54330000 - 0x00007fff543f4000 	C:\WINDOWS\System32\KERNEL32.DLL
0x00007fff52d70000 - 0x00007fff53143000 	C:\WINDOWS\System32\KERNELBASE.dll
0x00007fff535c0000 - 0x00007fff536d1000 	C:\WINDOWS\System32\ucrtbase.dll
0x00007fff4a760000 - 0x00007fff4a77e000 	c:\Users\doant\.antigravity-ide\extensions\redhat.java-1.55.0-win32-x64\jre\21.0.11-win32-x86_64\bin\VCRUNTIME140.dll
0x00007fff39210000 - 0x00007fff39228000 	c:\Users\doant\.antigravity-ide\extensions\redhat.java-1.55.0-win32-x64\jre\21.0.11-win32-x86_64\bin\jli.dll
0x00007fff55410000 - 0x00007fff555c2000 	C:\WINDOWS\System32\USER32.dll
0x00007fff52d40000 - 0x00007fff52d66000 	C:\WINDOWS\System32\win32u.dll
0x00007fff3a6e0000 - 0x00007fff3a97c000 	C:\WINDOWS\WinSxS\amd64_microsoft.windows.common-controls_6595b64144ccf1df_6.0.22621.6060_none_2712eda17382d24b\COMCTL32.dll
0x00007fff538e0000 - 0x00007fff53909000 	C:\WINDOWS\System32\GDI32.dll
0x00007fff54880000 - 0x00007fff54927000 	C:\WINDOWS\System32\msvcrt.dll
0x00007fff53180000 - 0x00007fff5329b000 	C:\WINDOWS\System32\gdi32full.dll
0x00007fff53520000 - 0x00007fff535ba000 	C:\WINDOWS\System32\msvcp_win.dll
0x00007fff549f0000 - 0x00007fff54a21000 	C:\WINDOWS\System32\IMM32.DLL
0x00007fff4a750000 - 0x00007fff4a75c000 	c:\Users\doant\.antigravity-ide\extensions\redhat.java-1.55.0-win32-x64\jre\21.0.11-win32-x86_64\bin\vcruntime140_1.dll
0x00007fff34860000 - 0x00007fff348ed000 	c:\Users\doant\.antigravity-ide\extensions\redhat.java-1.55.0-win32-x64\jre\21.0.11-win32-x86_64\bin\msvcp140.dll
0x00007ffec9f00000 - 0x00007ffecaca2000 	c:\Users\doant\.antigravity-ide\extensions\redhat.java-1.55.0-win32-x64\jre\21.0.11-win32-x86_64\bin\server\jvm.dll
0x00007fff53d30000 - 0x00007fff53de1000 	C:\WINDOWS\System32\ADVAPI32.dll
0x00007fff54940000 - 0x00007fff549e8000 	C:\WINDOWS\System32\sechost.dll
0x00007fff53150000 - 0x00007fff53178000 	C:\WINDOWS\System32\bcrypt.dll
0x00007fff557a0000 - 0x00007fff558b8000 	C:\WINDOWS\System32\RPCRT4.dll
0x00007fff53910000 - 0x00007fff53981000 	C:\WINDOWS\System32\WS2_32.dll
0x00007fff51b90000 - 0x00007fff51bdd000 	C:\WINDOWS\SYSTEM32\POWRPROF.dll
0x00007fff4a650000 - 0x00007fff4a684000 	C:\WINDOWS\SYSTEM32\WINMM.dll
0x00007fff48000000 - 0x00007fff4800a000 	C:\WINDOWS\SYSTEM32\VERSION.dll
0x00007fff51b70000 - 0x00007fff51b83000 	C:\WINDOWS\SYSTEM32\UMPDC.dll
0x00007fff51e10000 - 0x00007fff51e28000 	C:\WINDOWS\SYSTEM32\kernel.appcore.dll
0x00007fff39200000 - 0x00007fff3920a000 	c:\Users\doant\.antigravity-ide\extensions\redhat.java-1.55.0-win32-x64\jre\21.0.11-win32-x86_64\bin\jimage.dll
0x00007fff50750000 - 0x00007fff50983000 	C:\WINDOWS\SYSTEM32\DBGHELP.DLL
0x00007fff53990000 - 0x00007fff53d21000 	C:\WINDOWS\System32\combase.dll
0x00007fff55330000 - 0x00007fff55408000 	C:\WINDOWS\System32\OLEAUT32.dll
0x00007fff38b40000 - 0x00007fff38b72000 	C:\WINDOWS\SYSTEM32\dbgcore.DLL
0x00007fff53850000 - 0x00007fff538cb000 	C:\WINDOWS\System32\bcryptPrimitives.dll
0x00007fff391f0000 - 0x00007fff391ff000 	c:\Users\doant\.antigravity-ide\extensions\redhat.java-1.55.0-win32-x64\jre\21.0.11-win32-x86_64\bin\instrument.dll
0x00007fff38e40000 - 0x00007fff38e60000 	c:\Users\doant\.antigravity-ide\extensions\redhat.java-1.55.0-win32-x64\jre\21.0.11-win32-x86_64\bin\java.dll
0x00007fff54a30000 - 0x00007fff552cc000 	C:\WINDOWS\System32\SHELL32.dll
0x00007fff533e0000 - 0x00007fff5351f000 	C:\WINDOWS\System32\wintypes.dll
0x00007fff50c50000 - 0x00007fff5156a000 	C:\WINDOWS\SYSTEM32\windows.storage.dll
0x00007fff54060000 - 0x00007fff54164000 	C:\WINDOWS\System32\SHCORE.dll
0x00007fff53e10000 - 0x00007fff53e79000 	C:\WINDOWS\System32\shlwapi.dll
0x00007fff52c70000 - 0x00007fff52c95000 	C:\WINDOWS\SYSTEM32\profapi.dll
0x00007fff37170000 - 0x00007fff37188000 	c:\Users\doant\.antigravity-ide\extensions\redhat.java-1.55.0-win32-x64\jre\21.0.11-win32-x86_64\bin\zip.dll
0x00007fff37160000 - 0x00007fff37170000 	C:\Users\doant\.antigravity-ide\extensions\redhat.java-1.55.0-win32-x64\jre\21.0.11-win32-x86_64\bin\net.dll
0x00007fff4be50000 - 0x00007fff4bf7c000 	C:\WINDOWS\SYSTEM32\WINHTTP.dll
0x00007fff522f0000 - 0x00007fff52359000 	C:\WINDOWS\system32\mswsock.dll
0x00007fff37140000 - 0x00007fff37156000 	C:\Users\doant\.antigravity-ide\extensions\redhat.java-1.55.0-win32-x64\jre\21.0.11-win32-x86_64\bin\nio.dll
0x00007fff36b60000 - 0x00007fff36b70000 	c:\Users\doant\.antigravity-ide\extensions\redhat.java-1.55.0-win32-x64\jre\21.0.11-win32-x86_64\bin\verify.dll

JVMTI agents:
c:\Users\doant\.antigravity-ide\extensions\redhat.java-1.55.0-win32-x64\lombok\lombok-1.18.39-4050.jar path:c:\Users\doant\.antigravity-ide\extensions\redhat.java-1.55.0-win32-x64\jre\21.0.11-win32-x86_64\bin\instrument.dll, loaded, initialized, instrumentlib options:none

dbghelp: loaded successfully - version: 4.0.5 - missing functions: none
symbol engine: initialized successfully - sym options: 0x614 - pdb path: .;c:\Users\doant\.antigravity-ide\extensions\redhat.java-1.55.0-win32-x64\jre\21.0.11-win32-x86_64\bin;C:\WINDOWS\SYSTEM32;C:\WINDOWS\WinSxS\amd64_microsoft.windows.common-controls_6595b64144ccf1df_6.0.22621.6060_none_2712eda17382d24b;c:\Users\doant\.antigravity-ide\extensions\redhat.java-1.55.0-win32-x64\jre\21.0.11-win32-x86_64\bin\server

VM Arguments:
jvm_args: --add-modules=ALL-SYSTEM --add-opens=java.base/java.util=ALL-UNNAMED --add-opens=java.base/java.lang=ALL-UNNAMED --add-opens=java.base/sun.nio.fs=ALL-UNNAMED -Declipse.application=org.eclipse.jdt.ls.core.id1 -Dosgi.bundles.defaultStartLevel=4 -Declipse.product=org.eclipse.jdt.ls.core.product -Djava.import.generatesMetadataFilesAtProjectRoot=false -DDetectVMInstallationsJob.disabled=true -Dfile.encoding=utf8 -XX:+UseParallelGC -XX:GCTimeRatio=4 -XX:AdaptiveSizePolicyWeight=90 -Dsun.zip.disableMemoryMapping=true -Xmx2G -Xms100m -Xlog:disable -javaagent:c:\Users\doant\.antigravity-ide\extensions\redhat.java-1.55.0-win32-x64\lombok\lombok-1.18.39-4050.jar 
java_command: c:\Users\doant\.antigravity-ide\extensions\redhat.java-1.55.0-win32-x64\server\plugins\org.eclipse.equinox.launcher_1.7.200.v20260619-2039.jar -configuration c:\Users\doant\AppData\Roaming\Antigravity IDE\User\globalStorage\redhat.java\1.55.0\config_ss_win -data c:\Users\doant\AppData\Roaming\Antigravity IDE\User\workspaceStorage\42d5d191b228df981545ec47d1c3df4d\redhat.java\ss_ws --pipe=\\.\pipe\lsp-4660f50e804809a2ca341c954d97c6a7-sock
java_class_path (initial): c:\Users\doant\.antigravity-ide\extensions\redhat.java-1.55.0-win32-x64\server\plugins\org.eclipse.equinox.launcher_1.7.200.v20260619-2039.jar
Launcher Type: SUN_STANDARD

[Global flags]
    uintx AdaptiveSizePolicyWeight                 = 90                                        {product} {command line}
     intx CICompilerCount                          = 4                                         {product} {ergonomic}
    uintx GCTimeRatio                              = 4                                         {product} {command line}
   size_t InitialHeapSize                          = 104857600                                 {product} {command line}
   size_t MaxHeapSize                              = 2147483648                                {product} {command line}
   size_t MaxNewSize                               = 715653120                                 {product} {ergonomic}
   size_t MinHeapDeltaBytes                        = 524288                                    {product} {ergonomic}
   size_t MinHeapSize                              = 104857600                                 {product} {command line}
   size_t NewSize                                  = 34603008                                  {product} {ergonomic}
    uintx NonNMethodCodeHeapSize                   = 5839372                                {pd product} {ergonomic}
    uintx NonProfiledCodeHeapSize                  = 122909434                              {pd product} {ergonomic}
   size_t OldSize                                  = 70254592                                  {product} {ergonomic}
    uintx ProfiledCodeHeapSize                     = 122909434                              {pd product} {ergonomic}
    uintx ReservedCodeCacheSize                    = 251658240                              {pd product} {ergonomic}
     bool SegmentedCodeCache                       = true                                      {product} {ergonomic}
   size_t SoftMaxHeapSize                          = 2147483648                             {manageable} {ergonomic}
     bool UseCompressedOops                        = true                           {product lp64_product} {ergonomic}
     bool UseLargePagesIndividualAllocation        = false                                  {pd product} {ergonomic}
     bool UseParallelGC                            = true                                      {product} {command line}

Logging:
Log output configuration:
 #0: stdout all=off uptime,level,tags foldmultilines=false
 #1: stderr all=off uptime,level,tags foldmultilines=false

Release file:
JAVA_VERSION="21.0.11" 
MODULES="java.base java.compiler java.datatransfer java.xml java.prefs java.desktop java.instrument java.logging java.management java.security.sasl java.naming java.rmi java.management.rmi java.net.http java.scripting java.security.jgss java.transaction.xa java.sql java.sql.rowset java.xml.crypto java.se java.smartcardio jdk.accessibility jdk.internal.jvmstat jdk.attach jdk.charsets jdk.internal.opt jdk.zipfs jdk.compiler jdk.crypto.ec jdk.crypto.cryptoki jdk.crypto.mscapi jdk.dynalink jdk.internal.ed jdk.editpad jdk.hotspot.agent jdk.httpserver jdk.internal.le jdk.internal.vm.ci jdk.internal.vm.compiler jdk.internal.vm.compiler.management jdk.jartool jdk.javadoc jdk.jcmd jdk.management jdk.management.agent jdk.jconsole jdk.jdeps jdk.jdwp.agent jdk.jdi jdk.jfr jdk.jshell jdk.jsobject jdk.jstatd jdk.localedata jdk.management.jfr jdk.naming.dns jdk.naming.rmi jdk.net jdk.nio.mapmode jdk.random jdk.sctp jdk.security.auth jdk.security.jgss jdk.unsupported jdk.unsupported.desktop jdk.xml.dom" 

Environment Variables:
JAVA_HOME=C:\Program Files\Java\jdk-21.0.10
PATH=C:\Program Files (x86)\VMware\VMware Workstation\bin\;C:\Program Files\Common Files\Oracle\Java\javapath;C:\Windows\system32;C:\Windows;C:\Windows\System32\Wbem;C:\Windows\System32\WindowsPowerShell\v1.0\;C:\Windows\System32\OpenSSH\;C:\Program Files (x86)\NVIDIA Corporation\PhysX\Common;C:\Program Files\NVIDIA Corporation\NVIDIA NvDLISR;C:\WINDOWS\system32;C:\WINDOWS;C:\WINDOWS\System32\Wbem;C:\WINDOWS\System32\WindowsPowerShell\v1.0\;C:\WINDOWS\System32\OpenSSH\;C:\Program Files\Microsoft SQL Server\Client SDK\ODBC\170\Tools\Binn\;C:\Program Files\dotnet\;C:\Program Files (x86)\Windows Kits\10\Windows Performance Toolkit\;C:\Program Files\Git\cmd;C:\Program Files (x86)\Microsoft SQL Server\160\Tools\Binn\;C:\Program Files\Microsoft SQL Server\160\Tools\Binn\;C:\Program Files\Microsoft SQL Server\160\DTS\Binn\;C:\Program Files (x86)\Microsoft SQL Server\160\DTS\Binn\;c:\Users\doant\AppData\Local\Programs\cursor\resources\app\bin;C:\Program Files\Docker\Docker\resources\bin;C:\Users\doant\Downloads\gradle-8.7-bin\gradle-8.7\bin;C:\Program Files\nodejs\;C:\Program Files\MySQL\MySQL Shell 8.0\bin\;C:\Users\doant\AppData\Local\Programs\Python\Launcher\;C:\Users\doant\AppData\Local\Microsoft\WindowsApps;C:\Users\doant\.dotnet\tools;C:\Users\doant\AppData\Local\Programs\Microsoft VS Code\bin;C:\Users\doant\AppData\Local\Python\bin;C:\Users\doant\AppData\Local\Programs\Python\Python314\;C:\Users\doant\AppData\Local\Programs\Python\Python314\Scripts\;C:\Users\doant\AppData\Local\Programs\cursor\resources\app\bin;C:\Program Files\JetBrains\IntelliJ IDEA 2025.3.3\bin;F:\maven\bin;C:\Users\doant\AppData\Local\GitHubDesktop\bin;C:\Users\doant\AppData\Roaming\npm;C:\Users\doant\AppData\Local\Programs\Antigravity IDE\bin
USERNAME=doant
OS=Windows_NT
PROCESSOR_IDENTIFIER=Intel64 Family 6 Model 140 Stepping 1, GenuineIntel
TMP=C:\Users\doant\AppData\Local\Temp
TEMP=C:\Users\doant\AppData\Local\Temp




Periodic native trim disabled

---------------  S Y S T E M  ---------------

OS:
 Windows 11 , 64 bit Build 22621 (10.0.22621.5415)
OS uptime: 0 days 0:56 hours

CPU: total 8 (initial active 8) (4 cores per cpu, 2 threads per core) family 6 model 140 stepping 1 microcode 0xa6, cx8, cmov, fxsr, ht, mmx, 3dnowpref, sse, sse2, sse3, ssse3, sse4.1, sse4.2, popcnt, lzcnt, tsc, tscinvbit, avx, avx2, aes, erms, clmul, bmi1, bmi2, adx, avx512f, avx512dq, avx512cd, avx512bw, avx512vl, sha, fma, vzeroupper, avx512_vpopcntdq, avx512_vpclmulqdq, avx512_vaes, avx512_vnni, clflush, clflushopt, clwb, avx512_vbmi2, avx512_vbmi, rdtscp, rdpid, fsrm, gfni, avx512_bitalg, f16c, pku, cet_ibt, cet_ss, avx512_ifma
Processor Information for the first 8 processors :
  Max Mhz: 2419, Current Mhz: 2419, Mhz Limit: 2419

Memory: 4k page, system-wide physical 16078M (671M free)
TotalPageFile size 24270M (AvailPageFile size 2M)
current process WorkingSet (physical memory assigned to process): 85M, peak: 86M
current process commit charge ("private bytes"): 238M, peak: 239M

vm_info: OpenJDK 64-Bit Server VM (21.0.11+10-LTS) for windows-amd64 JRE (21.0.11+10-LTS), built on 2026-04-21T00:00:00Z by "admin" with MS VC++ 17.12 (VS2022)

END.
